OpenROAD 26Q3-771-g7cfb2105c9 
Features included (+) or not (-): +GPU +GUI +Python
This program is licensed under the BSD-3 license. See the LICENSE file for details.
Components of this program may be licensed under more restrictive licenses which must be honored.
########## STA_MODE = cts ##########
[WARNING ORD-0012] Hierarchical flow (-hier) is currently in development and may cause multiple issues. Do not use in production environments.

########## setup: 5 worst paths ##########
[WARNING STA-0503] report_checks -group_count is deprecated. Use -group_path_count instead.
Startpoint: if_stage_i.instr_rdata_id_o[21]$_DFFE_PP_
            (rising edge-triggered flip-flop clocked by core_clock)
Endpoint: gen_regfile_ff.register_file_i.rf_reg[735]$_DFFE_PN0P_
          (rising edge-triggered flip-flop clocked by core_clock)
Path Group: core_clock
Path Type: max

    Delay      Time   Description
-------------------------------------------------------------
   0.0000    0.0000   clock core_clock (rise edge)
   0.0000    0.0000   clock source latency
   0.0000    0.0000 ^ clk_i (in)
   0.1106    0.1106 ^ clkbuf_0_clk_i/X (sky130_fd_sc_hd__clkbuf_16)
   0.1046    0.2151 ^ clkbuf_1_0__f_clk_i/X (sky130_fd_sc_hd__clkbuf_16)
   0.1819    0.3971 ^ _17071_/X (sky130_fd_sc_hd__and2_0)
   0.3029    0.7000 ^ clkbuf_0__05563_/X (sky130_fd_sc_hd__clkbuf_16)
   0.2956    0.9956 ^ clkbuf_3_0_0__05563_/X (sky130_fd_sc_hd__clkbuf_16)
   0.2065    1.2021 ^ clkbuf_leaf_0__05563_/X (sky130_fd_sc_hd__clkbuf_16)
   0.0007    1.2029 ^ if_stage_i.instr_rdata_id_o[21]$_DFFE_PP_/CLK (sky130_fd_sc_hd__edfxtp_1)
   0.8726    2.0755 ^ if_stage_i.instr_rdata_id_o[21]$_DFFE_PP_/Q (sky130_fd_sc_hd__edfxtp_1)
   0.3113    2.3868 ^ place3343/X (sky130_fd_sc_hd__buf_12)
   0.2583    2.6450 ^ place3337/X (sky130_fd_sc_hd__buf_12)
   0.2742    2.9192 ^ place3336/X (sky130_fd_sc_hd__buf_4)
   0.3488    3.2680 v _14888_/X (sky130_fd_sc_hd__mux2_1)
   0.2208    3.4888 v _14889_/X (sky130_fd_sc_hd__a22o_1)
   0.4518    3.9407 v _14892_/X (sky130_fd_sc_hd__mux4_2)
   0.1572    4.0979 ^ _14893_/Y (sky130_fd_sc_hd__mux2i_1)
   0.2621    4.3600 ^ place3137/X (sky130_fd_sc_hd__buf_4)
   0.5882    4.9482 ^ _15519_/X (sky130_fd_sc_hd__o22a_1)
   0.1777    5.1258 v _15659_/Y (sky130_fd_sc_hd__nor2_1)
   0.4193    5.5451 v _15780_/X (sky130_fd_sc_hd__maj3_1)
   0.1675    5.7127 v _15787_/Y (sky130_fd_sc_hd__nand2b_1)
   0.2839    5.9966 ^ _15867_/Y (sky130_fd_sc_hd__a21oi_1)
   0.5004    6.4970 v _15895_/X (sky130_fd_sc_hd__xor3_1)
   0.4301    6.9271 v _15916_/X (sky130_fd_sc_hd__xnor3_1)
   0.1720    7.0992 v _15919_/X (sky130_fd_sc_hd__xor2_1)
   0.1617    7.2609 v _15920_/Y (sky130_fd_sc_hd__xnor2_1)
   0.4810    7.7419 v _16941_/X (sky130_fd_sc_hd__maj3_1)
   0.2086    7.9505 v _13518_/_288_/X (sky130_fd_sc_hd__xor2_1)
   0.1764    8.1269 v _13518_/_291_/Y (sky130_fd_sc_hd__xnor2_1)
   0.1617    8.2886 v _13518_/place2619/X (sky130_fd_sc_hd__buf_4)
   0.1731    8.4617 ^ _13518_/_303_/Y (sky130_fd_sc_hd__nor2_1)
   0.1445    8.6062 ^ _13518_/place2549/X (sky130_fd_sc_hd__buf_4)
   0.0715    8.6777 v _13518_/_328_/Y (sky130_fd_sc_hd__nand2_1)
   0.1613    8.8389 ^ _13518_/_329_/Y (sky130_fd_sc_hd__o21ai_0)
   0.0927    8.9316 v _13518_/_331_/Y (sky130_fd_sc_hd__a21oi_1)
   0.3610    9.2926 ^ _13518_/_424_/Y (sky130_fd_sc_hd__o31ai_1)
   0.1519    9.4445 v _13518_/_504_/Y (sky130_fd_sc_hd__xnor2_1)
   0.3194    9.7639 ^ _22302_/Y (sky130_fd_sc_hd__a21oi_1)
   0.3202   10.0841 v _24704_/Y (sky130_fd_sc_hd__o21ai_0)
   0.2611   10.3451 v place2316/X (sky130_fd_sc_hd__buf_4)
   0.2879   10.6331 ^ _24706_/Y (sky130_fd_sc_hd__a21oi_2)
   0.2388   10.8719 ^ place2314/X (sky130_fd_sc_hd__buf_12)
   0.1124   10.9843 v _24711_/Y (sky130_fd_sc_hd__o31ai_1)
   0.0001   10.9844 v gen_regfile_ff.register_file_i.rf_reg[735]$_DFFE_PN0P_/D (sky130_fd_sc_hd__dfrtp_1)
            10.9844   data arrival time

  10.0000   10.0000   clock core_clock (rise edge)
   0.0000   10.0000   clock source latency
   0.0000   10.0000 ^ clk_i (in)
   0.1253   10.1253 ^ delaybuf_0_core_clock/X (sky130_fd_sc_hd__clkbuf_16)
   0.1412   10.2665 ^ delaybuf_1_core_clock/X (sky130_fd_sc_hd__clkbuf_16)
   0.1208   10.3873 ^ clkbuf_regs_0_core_clock/X (sky130_fd_sc_hd__clkbuf_16)
   0.2591   10.6464 ^ clkbuf_0_clk_i_regs/X (sky130_fd_sc_hd__clkbuf_16)
   0.2995   10.9459 ^ clkbuf_3_4__f_clk_i_regs/X (sky130_fd_sc_hd__clkbuf_16)
   0.2002   11.1460 ^ clkbuf_leaf_19_clk_i_regs/X (sky130_fd_sc_hd__clkbuf_16)
   0.0007   11.1468 ^ gen_regfile_ff.register_file_i.rf_reg[735]$_DFFE_PN0P_/CLK (sky130_fd_sc_hd__dfrtp_1)
   0.0000   11.1468   clock reconvergence pessimism
  -0.1613   10.9855   library setup time
            10.9855   data required time
-------------------------------------------------------------
            10.9855   data required time
           -10.9844   data arrival time
-------------------------------------------------------------
             0.0011   slack (MET)


Startpoint: if_stage_i.instr_rdata_id_o[21]$_DFFE_PP_
            (rising edge-triggered flip-flop clocked by core_clock)
Endpoint: gen_regfile_ff.register_file_i.rf_reg[191]$_DFFE_PN0P_
          (rising edge-triggered flip-flop clocked by core_clock)
Path Group: core_clock
Path Type: max

    Delay      Time   Description
-------------------------------------------------------------
   0.0000    0.0000   clock core_clock (rise edge)
   0.0000    0.0000   clock source latency
   0.0000    0.0000 ^ clk_i (in)
   0.1106    0.1106 ^ clkbuf_0_clk_i/X (sky130_fd_sc_hd__clkbuf_16)
   0.1046    0.2151 ^ clkbuf_1_0__f_clk_i/X (sky130_fd_sc_hd__clkbuf_16)
   0.1819    0.3971 ^ _17071_/X (sky130_fd_sc_hd__and2_0)
   0.3029    0.7000 ^ clkbuf_0__05563_/X (sky130_fd_sc_hd__clkbuf_16)
   0.2956    0.9956 ^ clkbuf_3_0_0__05563_/X (sky130_fd_sc_hd__clkbuf_16)
   0.2065    1.2021 ^ clkbuf_leaf_0__05563_/X (sky130_fd_sc_hd__clkbuf_16)
   0.0007    1.2029 ^ if_stage_i.instr_rdata_id_o[21]$_DFFE_PP_/CLK (sky130_fd_sc_hd__edfxtp_1)
   0.8726    2.0755 ^ if_stage_i.instr_rdata_id_o[21]$_DFFE_PP_/Q (sky130_fd_sc_hd__edfxtp_1)
   0.3113    2.3868 ^ place3343/X (sky130_fd_sc_hd__buf_12)
   0.2583    2.6450 ^ place3337/X (sky130_fd_sc_hd__buf_12)
   0.2742    2.9192 ^ place3336/X (sky130_fd_sc_hd__buf_4)
   0.3488    3.2680 v _14888_/X (sky130_fd_sc_hd__mux2_1)
   0.2208    3.4888 v _14889_/X (sky130_fd_sc_hd__a22o_1)
   0.4518    3.9407 v _14892_/X (sky130_fd_sc_hd__mux4_2)
   0.1572    4.0979 ^ _14893_/Y (sky130_fd_sc_hd__mux2i_1)
   0.2621    4.3600 ^ place3137/X (sky130_fd_sc_hd__buf_4)
   0.5882    4.9482 ^ _15519_/X (sky130_fd_sc_hd__o22a_1)
   0.1777    5.1258 v _15659_/Y (sky130_fd_sc_hd__nor2_1)
   0.4193    5.5451 v _15780_/X (sky130_fd_sc_hd__maj3_1)
   0.1675    5.7127 v _15787_/Y (sky130_fd_sc_hd__nand2b_1)
   0.2839    5.9966 ^ _15867_/Y (sky130_fd_sc_hd__a21oi_1)
   0.5004    6.4970 v _15895_/X (sky130_fd_sc_hd__xor3_1)
   0.4301    6.9271 v _15916_/X (sky130_fd_sc_hd__xnor3_1)
   0.1720    7.0992 v _15919_/X (sky130_fd_sc_hd__xor2_1)
   0.1617    7.2609 v _15920_/Y (sky130_fd_sc_hd__xnor2_1)
   0.4810    7.7419 v _16941_/X (sky130_fd_sc_hd__maj3_1)
   0.2086    7.9505 v _13518_/_288_/X (sky130_fd_sc_hd__xor2_1)
   0.1764    8.1269 v _13518_/_291_/Y (sky130_fd_sc_hd__xnor2_1)
   0.1617    8.2886 v _13518_/place2619/X (sky130_fd_sc_hd__buf_4)
   0.1731    8.4617 ^ _13518_/_303_/Y (sky130_fd_sc_hd__nor2_1)
   0.1445    8.6062 ^ _13518_/place2549/X (sky130_fd_sc_hd__buf_4)
   0.0715    8.6777 v _13518_/_328_/Y (sky130_fd_sc_hd__nand2_1)
   0.1613    8.8389 ^ _13518_/_329_/Y (sky130_fd_sc_hd__o21ai_0)
   0.0927    8.9316 v _13518_/_331_/Y (sky130_fd_sc_hd__a21oi_1)
   0.3610    9.2926 ^ _13518_/_424_/Y (sky130_fd_sc_hd__o31ai_1)
   0.1519    9.4445 v _13518_/_504_/Y (sky130_fd_sc_hd__xnor2_1)
   0.3194    9.7639 ^ _22302_/Y (sky130_fd_sc_hd__a21oi_1)
   0.3202   10.0841 v _24704_/Y (sky130_fd_sc_hd__o21ai_0)
   0.2611   10.3451 v place2316/X (sky130_fd_sc_hd__buf_4)
   0.2879   10.6331 ^ _24706_/Y (sky130_fd_sc_hd__a21oi_2)
   0.2388   10.8719 ^ place2314/X (sky130_fd_sc_hd__buf_12)
   0.1043   10.9762 v _24768_/Y (sky130_fd_sc_hd__o31ai_1)
   0.0001   10.9763 v gen_regfile_ff.register_file_i.rf_reg[191]$_DFFE_PN0P_/D (sky130_fd_sc_hd__dfrtp_1)
            10.9763   data arrival time

  10.0000   10.0000   clock core_clock (rise edge)
   0.0000   10.0000   clock source latency
   0.0000   10.0000 ^ clk_i (in)
   0.1253   10.1253 ^ delaybuf_0_core_clock/X (sky130_fd_sc_hd__clkbuf_16)
   0.1412   10.2665 ^ delaybuf_1_core_clock/X (sky130_fd_sc_hd__clkbuf_16)
   0.1208   10.3873 ^ clkbuf_regs_0_core_clock/X (sky130_fd_sc_hd__clkbuf_16)
   0.2591   10.6464 ^ clkbuf_0_clk_i_regs/X (sky130_fd_sc_hd__clkbuf_16)
   0.2995   10.9459 ^ clkbuf_3_4__f_clk_i_regs/X (sky130_fd_sc_hd__clkbuf_16)
   0.1988   11.1447 ^ clkbuf_leaf_17_clk_i_regs/X (sky130_fd_sc_hd__clkbuf_16)
   0.0007   11.1454 ^ gen_regfile_ff.register_file_i.rf_reg[191]$_DFFE_PN0P_/CLK (sky130_fd_sc_hd__dfrtp_1)
   0.0000   11.1454   clock reconvergence pessimism
  -0.1543   10.9911   library setup time
            10.9911   data required time
-------------------------------------------------------------
            10.9911   data required time
           -10.9763   data arrival time
-------------------------------------------------------------
             0.0149   slack (MET)


Startpoint: if_stage_i.instr_rdata_id_o[21]$_DFFE_PP_
            (rising edge-triggered flip-flop clocked by core_clock)
Endpoint: gen_regfile_ff.register_file_i.rf_reg[223]$_DFFE_PN0P_
          (rising edge-triggered flip-flop clocked by core_clock)
Path Group: core_clock
Path Type: max

    Delay      Time   Description
-------------------------------------------------------------
   0.0000    0.0000   clock core_clock (rise edge)
   0.0000    0.0000   clock source latency
   0.0000    0.0000 ^ clk_i (in)
   0.1106    0.1106 ^ clkbuf_0_clk_i/X (sky130_fd_sc_hd__clkbuf_16)
   0.1046    0.2151 ^ clkbuf_1_0__f_clk_i/X (sky130_fd_sc_hd__clkbuf_16)
   0.1819    0.3971 ^ _17071_/X (sky130_fd_sc_hd__and2_0)
   0.3029    0.7000 ^ clkbuf_0__05563_/X (sky130_fd_sc_hd__clkbuf_16)
   0.2956    0.9956 ^ clkbuf_3_0_0__05563_/X (sky130_fd_sc_hd__clkbuf_16)
   0.2065    1.2021 ^ clkbuf_leaf_0__05563_/X (sky130_fd_sc_hd__clkbuf_16)
   0.0007    1.2029 ^ if_stage_i.instr_rdata_id_o[21]$_DFFE_PP_/CLK (sky130_fd_sc_hd__edfxtp_1)
   0.8726    2.0755 ^ if_stage_i.instr_rdata_id_o[21]$_DFFE_PP_/Q (sky130_fd_sc_hd__edfxtp_1)
   0.3113    2.3868 ^ place3343/X (sky130_fd_sc_hd__buf_12)
   0.2583    2.6450 ^ place3337/X (sky130_fd_sc_hd__buf_12)
   0.2742    2.9192 ^ place3336/X (sky130_fd_sc_hd__buf_4)
   0.3488    3.2680 v _14888_/X (sky130_fd_sc_hd__mux2_1)
   0.2208    3.4888 v _14889_/X (sky130_fd_sc_hd__a22o_1)
   0.4518    3.9407 v _14892_/X (sky130_fd_sc_hd__mux4_2)
   0.1572    4.0979 ^ _14893_/Y (sky130_fd_sc_hd__mux2i_1)
   0.2621    4.3600 ^ place3137/X (sky130_fd_sc_hd__buf_4)
   0.5882    4.9482 ^ _15519_/X (sky130_fd_sc_hd__o22a_1)
   0.1777    5.1258 v _15659_/Y (sky130_fd_sc_hd__nor2_1)
   0.4193    5.5451 v _15780_/X (sky130_fd_sc_hd__maj3_1)
   0.1675    5.7127 v _15787_/Y (sky130_fd_sc_hd__nand2b_1)
   0.2839    5.9966 ^ _15867_/Y (sky130_fd_sc_hd__a21oi_1)
   0.5004    6.4970 v _15895_/X (sky130_fd_sc_hd__xor3_1)
   0.4301    6.9271 v _15916_/X (sky130_fd_sc_hd__xnor3_1)
   0.1720    7.0992 v _15919_/X (sky130_fd_sc_hd__xor2_1)
   0.1617    7.2609 v _15920_/Y (sky130_fd_sc_hd__xnor2_1)
   0.4810    7.7419 v _16941_/X (sky130_fd_sc_hd__maj3_1)
   0.2086    7.9505 v _13518_/_288_/X (sky130_fd_sc_hd__xor2_1)
   0.1764    8.1269 v _13518_/_291_/Y (sky130_fd_sc_hd__xnor2_1)
   0.1617    8.2886 v _13518_/place2619/X (sky130_fd_sc_hd__buf_4)
   0.1731    8.4617 ^ _13518_/_303_/Y (sky130_fd_sc_hd__nor2_1)
   0.1445    8.6062 ^ _13518_/place2549/X (sky130_fd_sc_hd__buf_4)
   0.0715    8.6777 v _13518_/_328_/Y (sky130_fd_sc_hd__nand2_1)
   0.1613    8.8389 ^ _13518_/_329_/Y (sky130_fd_sc_hd__o21ai_0)
   0.0927    8.9316 v _13518_/_331_/Y (sky130_fd_sc_hd__a21oi_1)
   0.3610    9.2926 ^ _13518_/_424_/Y (sky130_fd_sc_hd__o31ai_1)
   0.1519    9.4445 v _13518_/_504_/Y (sky130_fd_sc_hd__xnor2_1)
   0.3194    9.7639 ^ _22302_/Y (sky130_fd_sc_hd__a21oi_1)
   0.3202   10.0841 v _24704_/Y (sky130_fd_sc_hd__o21ai_0)
   0.2611   10.3451 v place2316/X (sky130_fd_sc_hd__buf_4)
   0.2879   10.6331 ^ _24706_/Y (sky130_fd_sc_hd__a21oi_2)
   0.2388   10.8719 ^ place2314/X (sky130_fd_sc_hd__buf_12)
   0.1007   10.9726 v _24764_/Y (sky130_fd_sc_hd__o31ai_1)
   0.0001   10.9726 v gen_regfile_ff.register_file_i.rf_reg[223]$_DFFE_PN0P_/D (sky130_fd_sc_hd__dfrtp_1)
            10.9726   data arrival time

  10.0000   10.0000   clock core_clock (rise edge)
   0.0000   10.0000   clock source latency
   0.0000   10.0000 ^ clk_i (in)
   0.1253   10.1253 ^ delaybuf_0_core_clock/X (sky130_fd_sc_hd__clkbuf_16)
   0.1412   10.2665 ^ delaybuf_1_core_clock/X (sky130_fd_sc_hd__clkbuf_16)
   0.1208   10.3873 ^ clkbuf_regs_0_core_clock/X (sky130_fd_sc_hd__clkbuf_16)
   0.2591   10.6464 ^ clkbuf_0_clk_i_regs/X (sky130_fd_sc_hd__clkbuf_16)
   0.2995   10.9459 ^ clkbuf_3_4__f_clk_i_regs/X (sky130_fd_sc_hd__clkbuf_16)
   0.1968   11.1426 ^ clkbuf_leaf_18_clk_i_regs/X (sky130_fd_sc_hd__clkbuf_16)
   0.0006   11.1432 ^ gen_regfile_ff.register_file_i.rf_reg[223]$_DFFE_PN0P_/CLK (sky130_fd_sc_hd__dfrtp_1)
   0.0000   11.1432   clock reconvergence pessimism
  -0.1557   10.9876   library setup time
            10.9876   data required time
-------------------------------------------------------------
            10.9876   data required time
           -10.9726   data arrival time
-------------------------------------------------------------
             0.0149   slack (MET)


Startpoint: if_stage_i.instr_rdata_id_o[21]$_DFFE_PP_
            (rising edge-triggered flip-flop clocked by core_clock)
Endpoint: gen_regfile_ff.register_file_i.rf_reg[895]$_DFFE_PN0P_
          (rising edge-triggered flip-flop clocked by core_clock)
Path Group: core_clock
Path Type: max

    Delay      Time   Description
-------------------------------------------------------------
   0.0000    0.0000   clock core_clock (rise edge)
   0.0000    0.0000   clock source latency
   0.0000    0.0000 ^ clk_i (in)
   0.1106    0.1106 ^ clkbuf_0_clk_i/X (sky130_fd_sc_hd__clkbuf_16)
   0.1046    0.2151 ^ clkbuf_1_0__f_clk_i/X (sky130_fd_sc_hd__clkbuf_16)
   0.1819    0.3971 ^ _17071_/X (sky130_fd_sc_hd__and2_0)
   0.3029    0.7000 ^ clkbuf_0__05563_/X (sky130_fd_sc_hd__clkbuf_16)
   0.2956    0.9956 ^ clkbuf_3_0_0__05563_/X (sky130_fd_sc_hd__clkbuf_16)
   0.2065    1.2021 ^ clkbuf_leaf_0__05563_/X (sky130_fd_sc_hd__clkbuf_16)
   0.0007    1.2029 ^ if_stage_i.instr_rdata_id_o[21]$_DFFE_PP_/CLK (sky130_fd_sc_hd__edfxtp_1)
   0.8726    2.0755 ^ if_stage_i.instr_rdata_id_o[21]$_DFFE_PP_/Q (sky130_fd_sc_hd__edfxtp_1)
   0.3113    2.3868 ^ place3343/X (sky130_fd_sc_hd__buf_12)
   0.2583    2.6450 ^ place3337/X (sky130_fd_sc_hd__buf_12)
   0.2742    2.9192 ^ place3336/X (sky130_fd_sc_hd__buf_4)
   0.3488    3.2680 v _14888_/X (sky130_fd_sc_hd__mux2_1)
   0.2208    3.4888 v _14889_/X (sky130_fd_sc_hd__a22o_1)
   0.4518    3.9407 v _14892_/X (sky130_fd_sc_hd__mux4_2)
   0.1572    4.0979 ^ _14893_/Y (sky130_fd_sc_hd__mux2i_1)
   0.2621    4.3600 ^ place3137/X (sky130_fd_sc_hd__buf_4)
   0.5882    4.9482 ^ _15519_/X (sky130_fd_sc_hd__o22a_1)
   0.1777    5.1258 v _15659_/Y (sky130_fd_sc_hd__nor2_1)
   0.4193    5.5451 v _15780_/X (sky130_fd_sc_hd__maj3_1)
   0.1675    5.7127 v _15787_/Y (sky130_fd_sc_hd__nand2b_1)
   0.2839    5.9966 ^ _15867_/Y (sky130_fd_sc_hd__a21oi_1)
   0.5004    6.4970 v _15895_/X (sky130_fd_sc_hd__xor3_1)
   0.4301    6.9271 v _15916_/X (sky130_fd_sc_hd__xnor3_1)
   0.1720    7.0992 v _15919_/X (sky130_fd_sc_hd__xor2_1)
   0.1617    7.2609 v _15920_/Y (sky130_fd_sc_hd__xnor2_1)
   0.4810    7.7419 v _16941_/X (sky130_fd_sc_hd__maj3_1)
   0.2086    7.9505 v _13518_/_288_/X (sky130_fd_sc_hd__xor2_1)
   0.1764    8.1269 v _13518_/_291_/Y (sky130_fd_sc_hd__xnor2_1)
   0.1617    8.2886 v _13518_/place2619/X (sky130_fd_sc_hd__buf_4)
   0.1731    8.4617 ^ _13518_/_303_/Y (sky130_fd_sc_hd__nor2_1)
   0.1445    8.6062 ^ _13518_/place2549/X (sky130_fd_sc_hd__buf_4)
   0.0715    8.6777 v _13518_/_328_/Y (sky130_fd_sc_hd__nand2_1)
   0.1613    8.8389 ^ _13518_/_329_/Y (sky130_fd_sc_hd__o21ai_0)
   0.0927    8.9316 v _13518_/_331_/Y (sky130_fd_sc_hd__a21oi_1)
   0.3610    9.2926 ^ _13518_/_424_/Y (sky130_fd_sc_hd__o31ai_1)
   0.1519    9.4445 v _13518_/_504_/Y (sky130_fd_sc_hd__xnor2_1)
   0.3194    9.7639 ^ _22302_/Y (sky130_fd_sc_hd__a21oi_1)
   0.3202   10.0841 v _24704_/Y (sky130_fd_sc_hd__o21ai_0)
   0.2611   10.3451 v place2316/X (sky130_fd_sc_hd__buf_4)
   0.2879   10.6331 ^ _24706_/Y (sky130_fd_sc_hd__a21oi_2)
   0.2388   10.8719 ^ place2314/X (sky130_fd_sc_hd__buf_12)
   0.1019   10.9738 v _24747_/Y (sky130_fd_sc_hd__o31ai_1)
   0.0001   10.9738 v gen_regfile_ff.register_file_i.rf_reg[895]$_DFFE_PN0P_/D (sky130_fd_sc_hd__dfrtp_1)
            10.9738   data arrival time

  10.0000   10.0000   clock core_clock (rise edge)
   0.0000   10.0000   clock source latency
   0.0000   10.0000 ^ clk_i (in)
   0.1253   10.1253 ^ delaybuf_0_core_clock/X (sky130_fd_sc_hd__clkbuf_16)
   0.1412   10.2665 ^ delaybuf_1_core_clock/X (sky130_fd_sc_hd__clkbuf_16)
   0.1208   10.3873 ^ clkbuf_regs_0_core_clock/X (sky130_fd_sc_hd__clkbuf_16)
   0.2591   10.6464 ^ clkbuf_0_clk_i_regs/X (sky130_fd_sc_hd__clkbuf_16)
   0.2995   10.9459 ^ clkbuf_3_4__f_clk_i_regs/X (sky130_fd_sc_hd__clkbuf_16)
   0.1987   11.1446 ^ clkbuf_leaf_16_clk_i_regs/X (sky130_fd_sc_hd__clkbuf_16)
   0.0008   11.1454 ^ gen_regfile_ff.register_file_i.rf_reg[895]$_DFFE_PN0P_/CLK (sky130_fd_sc_hd__dfrtp_1)
   0.0000   11.1454   clock reconvergence pessimism
  -0.1548   10.9905   library setup time
            10.9905   data required time
-------------------------------------------------------------
            10.9905   data required time
           -10.9738   data arrival time
-------------------------------------------------------------
             0.0167   slack (MET)


Startpoint: if_stage_i.instr_rdata_id_o[21]$_DFFE_PP_
            (rising edge-triggered flip-flop clocked by core_clock)
Endpoint: gen_regfile_ff.register_file_i.rf_reg[351]$_DFFE_PN0P_
          (rising edge-triggered flip-flop clocked by core_clock)
Path Group: core_clock
Path Type: max

    Delay      Time   Description
-------------------------------------------------------------
   0.0000    0.0000   clock core_clock (rise edge)
   0.0000    0.0000   clock source latency
   0.0000    0.0000 ^ clk_i (in)
   0.1106    0.1106 ^ clkbuf_0_clk_i/X (sky130_fd_sc_hd__clkbuf_16)
   0.1046    0.2151 ^ clkbuf_1_0__f_clk_i/X (sky130_fd_sc_hd__clkbuf_16)
   0.1819    0.3971 ^ _17071_/X (sky130_fd_sc_hd__and2_0)
   0.3029    0.7000 ^ clkbuf_0__05563_/X (sky130_fd_sc_hd__clkbuf_16)
   0.2956    0.9956 ^ clkbuf_3_0_0__05563_/X (sky130_fd_sc_hd__clkbuf_16)
   0.2065    1.2021 ^ clkbuf_leaf_0__05563_/X (sky130_fd_sc_hd__clkbuf_16)
   0.0007    1.2029 ^ if_stage_i.instr_rdata_id_o[21]$_DFFE_PP_/CLK (sky130_fd_sc_hd__edfxtp_1)
   0.8726    2.0755 ^ if_stage_i.instr_rdata_id_o[21]$_DFFE_PP_/Q (sky130_fd_sc_hd__edfxtp_1)
   0.3113    2.3868 ^ place3343/X (sky130_fd_sc_hd__buf_12)
   0.2583    2.6450 ^ place3337/X (sky130_fd_sc_hd__buf_12)
   0.2742    2.9192 ^ place3336/X (sky130_fd_sc_hd__buf_4)
   0.3488    3.2680 v _14888_/X (sky130_fd_sc_hd__mux2_1)
   0.2208    3.4888 v _14889_/X (sky130_fd_sc_hd__a22o_1)
   0.4518    3.9407 v _14892_/X (sky130_fd_sc_hd__mux4_2)
   0.1572    4.0979 ^ _14893_/Y (sky130_fd_sc_hd__mux2i_1)
   0.2621    4.3600 ^ place3137/X (sky130_fd_sc_hd__buf_4)
   0.5882    4.9482 ^ _15519_/X (sky130_fd_sc_hd__o22a_1)
   0.1777    5.1258 v _15659_/Y (sky130_fd_sc_hd__nor2_1)
   0.4193    5.5451 v _15780_/X (sky130_fd_sc_hd__maj3_1)
   0.1675    5.7127 v _15787_/Y (sky130_fd_sc_hd__nand2b_1)
   0.2839    5.9966 ^ _15867_/Y (sky130_fd_sc_hd__a21oi_1)
   0.5004    6.4970 v _15895_/X (sky130_fd_sc_hd__xor3_1)
   0.4301    6.9271 v _15916_/X (sky130_fd_sc_hd__xnor3_1)
   0.1720    7.0992 v _15919_/X (sky130_fd_sc_hd__xor2_1)
   0.1617    7.2609 v _15920_/Y (sky130_fd_sc_hd__xnor2_1)
   0.4810    7.7419 v _16941_/X (sky130_fd_sc_hd__maj3_1)
   0.2086    7.9505 v _13518_/_288_/X (sky130_fd_sc_hd__xor2_1)
   0.1764    8.1269 v _13518_/_291_/Y (sky130_fd_sc_hd__xnor2_1)
   0.1617    8.2886 v _13518_/place2619/X (sky130_fd_sc_hd__buf_4)
   0.1731    8.4617 ^ _13518_/_303_/Y (sky130_fd_sc_hd__nor2_1)
   0.1445    8.6062 ^ _13518_/place2549/X (sky130_fd_sc_hd__buf_4)
   0.0715    8.6777 v _13518_/_328_/Y (sky130_fd_sc_hd__nand2_1)
   0.1613    8.8389 ^ _13518_/_329_/Y (sky130_fd_sc_hd__o21ai_0)
   0.0927    8.9316 v _13518_/_331_/Y (sky130_fd_sc_hd__a21oi_1)
   0.3610    9.2926 ^ _13518_/_424_/Y (sky130_fd_sc_hd__o31ai_1)
   0.1519    9.4445 v _13518_/_504_/Y (sky130_fd_sc_hd__xnor2_1)
   0.3194    9.7639 ^ _22302_/Y (sky130_fd_sc_hd__a21oi_1)
   0.3202   10.0841 v _24704_/Y (sky130_fd_sc_hd__o21ai_0)
   0.2611   10.3451 v place2316/X (sky130_fd_sc_hd__buf_4)
   0.2879   10.6331 ^ _24706_/Y (sky130_fd_sc_hd__a21oi_2)
   0.2388   10.8719 ^ place2314/X (sky130_fd_sc_hd__buf_12)
   0.0984   10.9703 v _24752_/Y (sky130_fd_sc_hd__o31ai_1)
   0.0000   10.9703 v gen_regfile_ff.register_file_i.rf_reg[351]$_DFFE_PN0P_/D (sky130_fd_sc_hd__dfrtp_1)
            10.9703   data arrival time

  10.0000   10.0000   clock core_clock (rise edge)
   0.0000   10.0000   clock source latency
   0.0000   10.0000 ^ clk_i (in)
   0.1253   10.1253 ^ delaybuf_0_core_clock/X (sky130_fd_sc_hd__clkbuf_16)
   0.1412   10.2665 ^ delaybuf_1_core_clock/X (sky130_fd_sc_hd__clkbuf_16)
   0.1208   10.3873 ^ clkbuf_regs_0_core_clock/X (sky130_fd_sc_hd__clkbuf_16)
   0.2591   10.6464 ^ clkbuf_0_clk_i_regs/X (sky130_fd_sc_hd__clkbuf_16)
   0.2995   10.9459 ^ clkbuf_3_4__f_clk_i_regs/X (sky130_fd_sc_hd__clkbuf_16)
   0.1968   11.1426 ^ clkbuf_leaf_18_clk_i_regs/X (sky130_fd_sc_hd__clkbuf_16)
   0.0011   11.1437 ^ gen_regfile_ff.register_file_i.rf_reg[351]$_DFFE_PN0P_/CLK (sky130_fd_sc_hd__dfrtp_1)
   0.0000   11.1437   clock reconvergence pessimism
  -0.1555   10.9882   library setup time
            10.9882   data required time
-------------------------------------------------------------
            10.9882   data required time
           -10.9703   data arrival time
-------------------------------------------------------------
             0.0179   slack (MET)


Startpoint: if_stage_i.instr_rdata_id_o[3]$_DFFE_PP_
            (rising edge-triggered flip-flop clocked by core_clock)
Endpoint: instr_addr_o[15] (output port clocked by vclk_core_clock)
Path Group: vclk_core_clock
Path Type: max

    Delay      Time   Description
-------------------------------------------------------------
   0.0000    0.0000   clock core_clock (rise edge)
   0.0000    0.0000   clock source latency
   0.0000    0.0000 ^ clk_i (in)
   0.1106    0.1106 ^ clkbuf_0_clk_i/X (sky130_fd_sc_hd__clkbuf_16)
   0.1046    0.2151 ^ clkbuf_1_0__f_clk_i/X (sky130_fd_sc_hd__clkbuf_16)
   0.1819    0.3971 ^ _17071_/X (sky130_fd_sc_hd__and2_0)
   0.3029    0.7000 ^ clkbuf_0__05563_/X (sky130_fd_sc_hd__clkbuf_16)
   0.2956    0.9956 ^ clkbuf_3_0_0__05563_/X (sky130_fd_sc_hd__clkbuf_16)
   0.1941    1.1897 ^ clkbuf_leaf_3__05563_/X (sky130_fd_sc_hd__clkbuf_16)
   0.0009    1.1906 ^ if_stage_i.instr_rdata_id_o[3]$_DFFE_PP_/CLK (sky130_fd_sc_hd__edfxtp_1)
   0.5268    1.7174 ^ if_stage_i.instr_rdata_id_o[3]$_DFFE_PP_/Q (sky130_fd_sc_hd__edfxtp_1)
   0.2892    2.0066 v _18571_/Y (sky130_fd_sc_hd__nand4_1)
   0.6084    2.6150 v _14097_/X (sky130_fd_sc_hd__or4_1)
   0.2624    2.8775 v _14099_/X (sky130_fd_sc_hd__a31o_1)
   0.2710    3.1484 ^ _14100_/Y (sky130_fd_sc_hd__a311oi_1)
   0.1939    3.3423 ^ place3173/X (sky130_fd_sc_hd__buf_4)
   0.1248    3.4671 v _14115_/Y (sky130_fd_sc_hd__nand3_1)
   0.3052    3.7723 ^ _14147_/Y (sky130_fd_sc_hd__o21ai_0)
   0.3996    4.1719 ^ _14150_/X (sky130_fd_sc_hd__and3_1)
   0.1881    4.3600 v _14151_/Y (sky130_fd_sc_hd__clkinv_1)
   0.2157    4.5757 v place2880/X (sky130_fd_sc_hd__buf_4)
   0.2416    4.8173 ^ _14251_/Y (sky130_fd_sc_hd__o21ai_0)
   0.3247    5.1420 ^ alu_adder_result_ex\\ALU_33_0_33_0_33_unused_CO_X_Y[0]_HAN_CARLSON/_470_/X (sky130_fd_sc_hd__xor2_1)
   0.2062    5.3482 v alu_adder_result_ex\\ALU_33_0_33_0_33_unused_CO_X_Y[0]_HAN_CARLSON/_484_/Y (sky130_fd_sc_hd__xnor2_1)
   0.3182    5.6663 ^ alu_adder_result_ex\\ALU_33_0_33_0_33_unused_CO_X_Y[0]_HAN_CARLSON/_491_/Y (sky130_fd_sc_hd__a211oi_1)
   0.1102    5.7765 v alu_adder_result_ex\\ALU_33_0_33_0_33_unused_CO_X_Y[0]_HAN_CARLSON/_493_/Y (sky130_fd_sc_hd__nor2_1)
   0.1703    5.9468 ^ alu_adder_result_ex\\ALU_33_0_33_0_33_unused_CO_X_Y[0]_HAN_CARLSON/_525_/Y (sky130_fd_sc_hd__o21ai_0)
   0.1400    6.0868 ^ alu_adder_result_ex\\ALU_33_0_33_0_33_unused_CO_X_Y[0]_HAN_CARLSON/place2721/X (sky130_fd_sc_hd__buf_4)
   0.0523    6.1391 v alu_adder_result_ex\\ALU_33_0_33_0_33_unused_CO_X_Y[0]_HAN_CARLSON/_294_/Y (sky130_fd_sc_hd__a21oi_1)
   0.1431    6.2822 v alu_adder_result_ex\\ALU_33_0_33_0_33_unused_CO_X_Y[0]_HAN_CARLSON/place2692/X (sky130_fd_sc_hd__buf_4)
   0.1327    6.4149 v alu_adder_result_ex\\ALU_33_0_33_0_33_unused_CO_X_Y[0]_HAN_CARLSON/place2691/X (sky130_fd_sc_hd__buf_4)
   0.3423    6.7573 ^ alu_adder_result_ex\\ALU_33_0_33_0_33_unused_CO_X_Y[0]_HAN_CARLSON/_298_/X (sky130_fd_sc_hd__xor2_2)
   0.2826    7.0399 ^ place2647/X (sky130_fd_sc_hd__buf_4)
   0.2548    7.2947 ^ _18184_/X (sky130_fd_sc_hd__mux2_1)
   0.0787    7.3734 v _18185_/Y (sky130_fd_sc_hd__nand2_1)
   0.6504    8.0238 ^ _18189_/Y (sky130_fd_sc_hd__a311oi_1)
   0.2335    8.2574 ^ place2500/X (sky130_fd_sc_hd__buf_4)
   0.1093    8.3666 ^ _18425_/X (sky130_fd_sc_hd__a21o_1)
   0.1605    8.5271 ^ _18506_/X (sky130_fd_sc_hd__mux2_1)
   0.5429    9.0700 ^ output240/X (sky130_fd_sc_hd__clkdlybuf4s50_1)
   0.0006    9.0706 ^ instr_addr_o[15] (out)
             9.0706   data arrival time

  10.0000   10.0000   clock vclk_core_clock (rise edge)
   1.0950   11.0950   clock network delay (ideal)
   0.0000   11.0950   clock reconvergence pessimism
  -2.0000    9.0950   output external delay
             9.0950   data required time
-------------------------------------------------------------
             9.0950   data required time
            -9.0706   data arrival time
-------------------------------------------------------------
             0.0244   slack (MET)


Startpoint: if_stage_i.instr_rdata_id_o[21]$_DFFE_PP_
            (rising edge-triggered flip-flop clocked by core_clock)
Endpoint: instr_addr_o[22] (output port clocked by vclk_core_clock)
Path Group: vclk_core_clock
Path Type: max

    Delay      Time   Description
-------------------------------------------------------------
   0.0000    0.0000   clock core_clock (rise edge)
   0.0000    0.0000   clock source latency
   0.0000    0.0000 ^ clk_i (in)
   0.1106    0.1106 ^ clkbuf_0_clk_i/X (sky130_fd_sc_hd__clkbuf_16)
   0.1046    0.2151 ^ clkbuf_1_0__f_clk_i/X (sky130_fd_sc_hd__clkbuf_16)
   0.1819    0.3971 ^ _17071_/X (sky130_fd_sc_hd__and2_0)
   0.3029    0.7000 ^ clkbuf_0__05563_/X (sky130_fd_sc_hd__clkbuf_16)
   0.2956    0.9956 ^ clkbuf_3_0_0__05563_/X (sky130_fd_sc_hd__clkbuf_16)
   0.2065    1.2021 ^ clkbuf_leaf_0__05563_/X (sky130_fd_sc_hd__clkbuf_16)
   0.0007    1.2029 ^ if_stage_i.instr_rdata_id_o[21]$_DFFE_PP_/CLK (sky130_fd_sc_hd__edfxtp_1)
   0.8726    2.0755 ^ if_stage_i.instr_rdata_id_o[21]$_DFFE_PP_/Q (sky130_fd_sc_hd__edfxtp_1)
   0.4874    2.5629 ^ _14167_/Y (sky130_fd_sc_hd__nor2b_4)
   0.4344    2.9974 ^ place3287/X (sky130_fd_sc_hd__buf_4)
   0.2183    3.2157 v _14290_/Y (sky130_fd_sc_hd__a221oi_1)
   0.3728    3.5885 ^ _14291_/Y (sky130_fd_sc_hd__o31ai_1)
   0.2566    3.8450 ^ place3208/X (sky130_fd_sc_hd__buf_4)
   0.2705    4.1156 v _14292_/Y (sky130_fd_sc_hd__nand2_1)
   0.5737    4.6892 ^ _14297_/Y (sky130_fd_sc_hd__a221oi_1)
   0.2335    4.9228 v _14298_/Y (sky130_fd_sc_hd__o221ai_1)
   0.2278    5.1506 v alu_adder_result_ex\\ALU_33_0_33_0_33_unused_CO_X_Y[0]_HAN_CARLSON/_494_/X (sky130_fd_sc_hd__xor2_1)
   0.3188    5.4694 ^ alu_adder_result_ex\\ALU_33_0_33_0_33_unused_CO_X_Y[0]_HAN_CARLSON/_496_/Y (sky130_fd_sc_hd__xnor2_1)
   0.2105    5.6798 v alu_adder_result_ex\\ALU_33_0_33_0_33_unused_CO_X_Y[0]_HAN_CARLSON/_498_/Y (sky130_fd_sc_hd__o21ai_0)
   0.4978    6.1776 ^ alu_adder_result_ex\\ALU_33_0_33_0_33_unused_CO_X_Y[0]_HAN_CARLSON/_516_/Y (sky130_fd_sc_hd__a221oi_1)
   0.2380    6.4157 v alu_adder_result_ex\\ALU_33_0_33_0_33_unused_CO_X_Y[0]_HAN_CARLSON/_286_/Y (sky130_fd_sc_hd__o221ai_1)
   0.2480    6.6636 ^ alu_adder_result_ex\\ALU_33_0_33_0_33_unused_CO_X_Y[0]_HAN_CARLSON/_373_/Y (sky130_fd_sc_hd__a21oi_1)
   0.1599    6.8236 ^ alu_adder_result_ex\\ALU_33_0_33_0_33_unused_CO_X_Y[0]_HAN_CARLSON/place2687/X (sky130_fd_sc_hd__buf_4)
   0.1530    6.9766 ^ alu_adder_result_ex\\ALU_33_0_33_0_33_unused_CO_X_Y[0]_HAN_CARLSON/_378_/X (sky130_fd_sc_hd__xor2_2)
   0.1822    7.1588 ^ place2627/X (sky130_fd_sc_hd__buf_4)
   0.0593    7.2181 v _18241_/Y (sky130_fd_sc_hd__nand2_1)
   0.2447    7.4628 ^ _18243_/Y (sky130_fd_sc_hd__a21oi_1)
   0.0826    7.5454 v _18244_/Y (sky130_fd_sc_hd__a221oi_1)
   0.2166    7.7620 v place2495/X (sky130_fd_sc_hd__buf_4)
   0.0588    7.8208 ^ _18245_/Y (sky130_fd_sc_hd__nand2_1)
   0.2337    8.0545 v _18247_/Y (sky130_fd_sc_hd__o211ai_1)
   0.2464    8.3009 v place2447/X (sky130_fd_sc_hd__buf_4)
   0.0782    8.3792 ^ _18456_/Y (sky130_fd_sc_hd__nand2_1)
   0.1688    8.5480 ^ _18515_/X (sky130_fd_sc_hd__mux2_1)
   0.4843    9.0323 ^ output247/X (sky130_fd_sc_hd__clkdlybuf4s50_1)
   0.0001    9.0323 ^ instr_addr_o[22] (out)
             9.0323   data arrival time

  10.0000   10.0000   clock vclk_core_clock (rise edge)
   1.0950   11.0950   clock network delay (ideal)
   0.0000   11.0950   clock reconvergence pessimism
  -2.0000    9.0950   output external delay
             9.0950   data required time
-------------------------------------------------------------
             9.0950   data required time
            -9.0323   data arrival time
-------------------------------------------------------------
             0.0627   slack (MET)


Startpoint: if_stage_i.instr_rdata_id_o[21]$_DFFE_PP_
            (rising edge-triggered flip-flop clocked by core_clock)
Endpoint: instr_addr_o[18] (output port clocked by vclk_core_clock)
Path Group: vclk_core_clock
Path Type: max

    Delay      Time   Description
-------------------------------------------------------------
   0.0000    0.0000   clock core_clock (rise edge)
   0.0000    0.0000   clock source latency
   0.0000    0.0000 ^ clk_i (in)
   0.1106    0.1106 ^ clkbuf_0_clk_i/X (sky130_fd_sc_hd__clkbuf_16)
   0.1046    0.2151 ^ clkbuf_1_0__f_clk_i/X (sky130_fd_sc_hd__clkbuf_16)
   0.1819    0.3971 ^ _17071_/X (sky130_fd_sc_hd__and2_0)
   0.3029    0.7000 ^ clkbuf_0__05563_/X (sky130_fd_sc_hd__clkbuf_16)
   0.2956    0.9956 ^ clkbuf_3_0_0__05563_/X (sky130_fd_sc_hd__clkbuf_16)
   0.2065    1.2021 ^ clkbuf_leaf_0__05563_/X (sky130_fd_sc_hd__clkbuf_16)
   0.0007    1.2029 ^ if_stage_i.instr_rdata_id_o[21]$_DFFE_PP_/CLK (sky130_fd_sc_hd__edfxtp_1)
   0.8726    2.0755 ^ if_stage_i.instr_rdata_id_o[21]$_DFFE_PP_/Q (sky130_fd_sc_hd__edfxtp_1)
   0.4874    2.5629 ^ _14167_/Y (sky130_fd_sc_hd__nor2b_4)
   0.4344    2.9974 ^ place3287/X (sky130_fd_sc_hd__buf_4)
   0.2183    3.2157 v _14290_/Y (sky130_fd_sc_hd__a221oi_1)
   0.3728    3.5885 ^ _14291_/Y (sky130_fd_sc_hd__o31ai_1)
   0.2566    3.8450 ^ place3208/X (sky130_fd_sc_hd__buf_4)
   0.2705    4.1156 v _14292_/Y (sky130_fd_sc_hd__nand2_1)
   0.5737    4.6892 ^ _14297_/Y (sky130_fd_sc_hd__a221oi_1)
   0.2335    4.9228 v _14298_/Y (sky130_fd_sc_hd__o221ai_1)
   0.2278    5.1506 v alu_adder_result_ex\\ALU_33_0_33_0_33_unused_CO_X_Y[0]_HAN_CARLSON/_494_/X (sky130_fd_sc_hd__xor2_1)
   0.3188    5.4694 ^ alu_adder_result_ex\\ALU_33_0_33_0_33_unused_CO_X_Y[0]_HAN_CARLSON/_496_/Y (sky130_fd_sc_hd__xnor2_1)
   0.2105    5.6798 v alu_adder_result_ex\\ALU_33_0_33_0_33_unused_CO_X_Y[0]_HAN_CARLSON/_498_/Y (sky130_fd_sc_hd__o21ai_0)
   0.4978    6.1776 ^ alu_adder_result_ex\\ALU_33_0_33_0_33_unused_CO_X_Y[0]_HAN_CARLSON/_516_/Y (sky130_fd_sc_hd__a221oi_1)
   0.2650    6.4426 v alu_adder_result_ex\\ALU_33_0_33_0_33_unused_CO_X_Y[0]_HAN_CARLSON/_552_/Y (sky130_fd_sc_hd__o21ai_0)
   0.2335    6.6761 v alu_adder_result_ex\\ALU_33_0_33_0_33_unused_CO_X_Y[0]_HAN_CARLSON/_327_/X (sky130_fd_sc_hd__a21o_1)
   0.1576    6.8336 v alu_adder_result_ex\\ALU_33_0_33_0_33_unused_CO_X_Y[0]_HAN_CARLSON/place2689/X (sky130_fd_sc_hd__buf_4)
   0.2054    7.0390 v alu_adder_result_ex\\ALU_33_0_33_0_33_unused_CO_X_Y[0]_HAN_CARLSON/_331_/Y (sky130_fd_sc_hd__xnor2_4)
   0.3985    7.4376 v _18209_/X (sky130_fd_sc_hd__mux2_1)
   0.0923    7.5298 ^ _18210_/Y (sky130_fd_sc_hd__nand2_1)
   0.1697    7.6995 v _18212_/Y (sky130_fd_sc_hd__a31oi_1)
   0.2269    7.9263 v place2498/X (sky130_fd_sc_hd__buf_4)
   0.3134    8.2397 v _18437_/X (sky130_fd_sc_hd__mux2_1)
   0.3147    8.5545 v _18510_/X (sky130_fd_sc_hd__mux2_1)
   0.4609    9.0154 v output243/X (sky130_fd_sc_hd__clkdlybuf4s50_1)
   0.0002    9.0156 v instr_addr_o[18] (out)
             9.0156   data arrival time

  10.0000   10.0000   clock vclk_core_clock (rise edge)
   1.0950   11.0950   clock network delay (ideal)
   0.0000   11.0950   clock reconvergence pessimism
  -2.0000    9.0950   output external delay
             9.0950   data required time
-------------------------------------------------------------
             9.0950   data required time
            -9.0156   data arrival time
-------------------------------------------------------------
             0.0794   slack (MET)


Startpoint: if_stage_i.instr_rdata_id_o[3]$_DFFE_PP_
            (rising edge-triggered flip-flop clocked by core_clock)
Endpoint: instr_addr_o[24] (output port clocked by vclk_core_clock)
Path Group: vclk_core_clock
Path Type: max

    Delay      Time   Description
-------------------------------------------------------------
   0.0000    0.0000   clock core_clock (rise edge)
   0.0000    0.0000   clock source latency
   0.0000    0.0000 ^ clk_i (in)
   0.1106    0.1106 ^ clkbuf_0_clk_i/X (sky130_fd_sc_hd__clkbuf_16)
   0.1046    0.2151 ^ clkbuf_1_0__f_clk_i/X (sky130_fd_sc_hd__clkbuf_16)
   0.1819    0.3971 ^ _17071_/X (sky130_fd_sc_hd__and2_0)
   0.3029    0.7000 ^ clkbuf_0__05563_/X (sky130_fd_sc_hd__clkbuf_16)
   0.2956    0.9956 ^ clkbuf_3_0_0__05563_/X (sky130_fd_sc_hd__clkbuf_16)
   0.1941    1.1897 ^ clkbuf_leaf_3__05563_/X (sky130_fd_sc_hd__clkbuf_16)
   0.0009    1.1906 ^ if_stage_i.instr_rdata_id_o[3]$_DFFE_PP_/CLK (sky130_fd_sc_hd__edfxtp_1)
   0.5268    1.7174 ^ if_stage_i.instr_rdata_id_o[3]$_DFFE_PP_/Q (sky130_fd_sc_hd__edfxtp_1)
   0.2892    2.0066 v _18571_/Y (sky130_fd_sc_hd__nand4_1)
   0.6084    2.6150 v _14097_/X (sky130_fd_sc_hd__or4_1)
   0.2624    2.8775 v _14099_/X (sky130_fd_sc_hd__a31o_1)
   0.2710    3.1484 ^ _14100_/Y (sky130_fd_sc_hd__a311oi_1)
   0.1939    3.3423 ^ place3173/X (sky130_fd_sc_hd__buf_4)
   0.1248    3.4671 v _14115_/Y (sky130_fd_sc_hd__nand3_1)
   0.3052    3.7723 ^ _14147_/Y (sky130_fd_sc_hd__o21ai_0)
   0.3996    4.1719 ^ _14150_/X (sky130_fd_sc_hd__and3_1)
   0.1881    4.3600 v _14151_/Y (sky130_fd_sc_hd__clkinv_1)
   0.3641    4.7241 ^ _14200_/Y (sky130_fd_sc_hd__o221ai_1)
   0.3730    5.0970 ^ alu_adder_result_ex\\ALU_33_0_33_0_33_unused_CO_X_Y[0]_HAN_CARLSON/_376_/X (sky130_fd_sc_hd__xor3_1)
   0.1882    5.2852 v alu_adder_result_ex\\ALU_33_0_33_0_33_unused_CO_X_Y[0]_HAN_CARLSON/_441_/Y (sky130_fd_sc_hd__o211ai_1)
   0.4475    5.7327 ^ alu_adder_result_ex\\ALU_33_0_33_0_33_unused_CO_X_Y[0]_HAN_CARLSON/_489_/Y (sky130_fd_sc_hd__a31oi_1)
   0.1887    5.9214 v alu_adder_result_ex\\ALU_33_0_33_0_33_unused_CO_X_Y[0]_HAN_CARLSON/_500_/Y (sky130_fd_sc_hd__a21oi_1)
   0.1801    6.1014 v alu_adder_result_ex\\ALU_33_0_33_0_33_unused_CO_X_Y[0]_HAN_CARLSON/place2740/X (sky130_fd_sc_hd__buf_4)
   0.2812    6.3826 ^ alu_adder_result_ex\\ALU_33_0_33_0_33_unused_CO_X_Y[0]_HAN_CARLSON/_534_/Y (sky130_fd_sc_hd__o21ai_0)
   0.1985    6.5811 ^ alu_adder_result_ex\\ALU_33_0_33_0_33_unused_CO_X_Y[0]_HAN_CARLSON/_305_/X (sky130_fd_sc_hd__a21o_1)
   0.0791    6.6602 v alu_adder_result_ex\\ALU_33_0_33_0_33_unused_CO_X_Y[0]_HAN_CARLSON/_397_/Y (sky130_fd_sc_hd__a21oi_1)
   0.2052    6.8654 v alu_adder_result_ex\\ALU_33_0_33_0_33_unused_CO_X_Y[0]_HAN_CARLSON/_402_/X (sky130_fd_sc_hd__xor2_1)
   0.2003    7.0657 v place2571/X (sky130_fd_sc_hd__buf_12)
   0.0568    7.1225 ^ _18258_/Y (sky130_fd_sc_hd__nand2_1)
   0.0810    7.2036 v _18260_/Y (sky130_fd_sc_hd__a21oi_1)
   0.4118    7.6153 ^ _18262_/Y (sky130_fd_sc_hd__a221oi_1)
   0.1001    7.7154 v _18263_/Y (sky130_fd_sc_hd__nand2_1)
   0.2344    7.9498 ^ _18266_/Y (sky130_fd_sc_hd__o211ai_1)
   0.2197    8.1695 ^ place2413/X (sky130_fd_sc_hd__buf_4)
   0.0702    8.2398 v _18463_/Y (sky130_fd_sc_hd__nand2_1)
   0.3143    8.5541 v _18517_/X (sky130_fd_sc_hd__mux2_1)
   0.4563    9.0104 v output249/X (sky130_fd_sc_hd__clkdlybuf4s50_1)
   0.0002    9.0106 v instr_addr_o[24] (out)
             9.0106   data arrival time

  10.0000   10.0000   clock vclk_core_clock (rise edge)
   1.0950   11.0950   clock network delay (ideal)
   0.0000   11.0950   clock reconvergence pessimism
  -2.0000    9.0950   output external delay
             9.0950   data required time
-------------------------------------------------------------
             9.0950   data required time
            -9.0106   data arrival time
-------------------------------------------------------------
             0.0844   slack (MET)


Startpoint: if_stage_i.instr_rdata_id_o[21]$_DFFE_PP_
            (rising edge-triggered flip-flop clocked by core_clock)
Endpoint: instr_addr_o[21] (output port clocked by vclk_core_clock)
Path Group: vclk_core_clock
Path Type: max

    Delay      Time   Description
-------------------------------------------------------------
   0.0000    0.0000   clock core_clock (rise edge)
   0.0000    0.0000   clock source latency
   0.0000    0.0000 ^ clk_i (in)
   0.1106    0.1106 ^ clkbuf_0_clk_i/X (sky130_fd_sc_hd__clkbuf_16)
   0.1046    0.2151 ^ clkbuf_1_0__f_clk_i/X (sky130_fd_sc_hd__clkbuf_16)
   0.1819    0.3971 ^ _17071_/X (sky130_fd_sc_hd__and2_0)
   0.3029    0.7000 ^ clkbuf_0__05563_/X (sky130_fd_sc_hd__clkbuf_16)
   0.2956    0.9956 ^ clkbuf_3_0_0__05563_/X (sky130_fd_sc_hd__clkbuf_16)
   0.2065    1.2021 ^ clkbuf_leaf_0__05563_/X (sky130_fd_sc_hd__clkbuf_16)
   0.0007    1.2029 ^ if_stage_i.instr_rdata_id_o[21]$_DFFE_PP_/CLK (sky130_fd_sc_hd__edfxtp_1)
   0.8726    2.0755 ^ if_stage_i.instr_rdata_id_o[21]$_DFFE_PP_/Q (sky130_fd_sc_hd__edfxtp_1)
   0.4874    2.5629 ^ _14167_/Y (sky130_fd_sc_hd__nor2b_4)
   0.4344    2.9974 ^ place3287/X (sky130_fd_sc_hd__buf_4)
   0.2183    3.2157 v _14290_/Y (sky130_fd_sc_hd__a221oi_1)
   0.3728    3.5885 ^ _14291_/Y (sky130_fd_sc_hd__o31ai_1)
   0.2566    3.8450 ^ place3208/X (sky130_fd_sc_hd__buf_4)
   0.2705    4.1156 v _14292_/Y (sky130_fd_sc_hd__nand2_1)
   0.5737    4.6892 ^ _14297_/Y (sky130_fd_sc_hd__a221oi_1)
   0.2335    4.9228 v _14298_/Y (sky130_fd_sc_hd__o221ai_1)
   0.2278    5.1506 v alu_adder_result_ex\\ALU_33_0_33_0_33_unused_CO_X_Y[0]_HAN_CARLSON/_494_/X (sky130_fd_sc_hd__xor2_1)
   0.3188    5.4694 ^ alu_adder_result_ex\\ALU_33_0_33_0_33_unused_CO_X_Y[0]_HAN_CARLSON/_496_/Y (sky130_fd_sc_hd__xnor2_1)
   0.1402    5.6096 v alu_adder_result_ex\\ALU_33_0_33_0_33_unused_CO_X_Y[0]_HAN_CARLSON/_509_/Y (sky130_fd_sc_hd__nor2_1)
   0.3020    5.9116 ^ alu_adder_result_ex\\ALU_33_0_33_0_33_unused_CO_X_Y[0]_HAN_CARLSON/_511_/Y (sky130_fd_sc_hd__a221oi_1)
   0.1756    6.0872 ^ alu_adder_result_ex\\ALU_33_0_33_0_33_unused_CO_X_Y[0]_HAN_CARLSON/place2739/X (sky130_fd_sc_hd__buf_4)
   0.1440    6.2312 v alu_adder_result_ex\\ALU_33_0_33_0_33_unused_CO_X_Y[0]_HAN_CARLSON/_586_/Y (sky130_fd_sc_hd__o221ai_1)
   0.3548    6.5860 ^ alu_adder_result_ex\\ALU_33_0_33_0_33_unused_CO_X_Y[0]_HAN_CARLSON/_361_/Y (sky130_fd_sc_hd__a21oi_1)
   0.3116    6.8976 ^ alu_adder_result_ex\\ALU_33_0_33_0_33_unused_CO_X_Y[0]_HAN_CARLSON/_366_/X (sky130_fd_sc_hd__xor2_2)
   0.1883    7.0859 ^ place2629/X (sky130_fd_sc_hd__buf_4)
   0.0619    7.1478 v _18232_/Y (sky130_fd_sc_hd__nand2_1)
   0.3196    7.4674 ^ _18234_/Y (sky130_fd_sc_hd__a21oi_1)
   0.1259    7.5933 v _18236_/Y (sky130_fd_sc_hd__a221oi_1)
   0.1900    7.7834 ^ _18237_/Y (sky130_fd_sc_hd__nand2_1)
   0.2597    8.0431 v _18239_/Y (sky130_fd_sc_hd__o211ai_1)
   0.2444    8.2875 v place2448/X (sky130_fd_sc_hd__buf_4)
   0.0767    8.3642 ^ _18451_/Y (sky130_fd_sc_hd__nand2_1)
   0.1526    8.5168 ^ _18514_/X (sky130_fd_sc_hd__mux2_1)
   0.4843    9.0011 ^ output246/X (sky130_fd_sc_hd__clkdlybuf4s50_1)
   0.0001    9.0012 ^ instr_addr_o[21] (out)
             9.0012   data arrival time

  10.0000   10.0000   clock vclk_core_clock (rise edge)
   1.0950   11.0950   clock network delay (ideal)
   0.0000   11.0950   clock reconvergence pessimism
  -2.0000    9.0950   output external delay
             9.0950   data required time
-------------------------------------------------------------
             9.0950   data required time
            -9.0012   data arrival time
-------------------------------------------------------------
             0.0938   slack (MET)


Startpoint: core_clock_gate_i.en_latch$_DLATCH_N_
            (negative level-sensitive latch clocked by core_clock)
Endpoint: _17071_ (rising clock gating-check end-point clocked by core_clock)
Path Group: gated clock
Path Type: max

    Delay      Time   Description
-------------------------------------------------------------
   5.0000    5.0000   clock core_clock (fall edge)
   0.0000    5.0000   clock source latency
   0.0000    5.0000 v clk_i (in)
   0.1407    5.1407 v delaybuf_0_core_clock/X (sky130_fd_sc_hd__clkbuf_16)
   0.1555    5.2962 v delaybuf_1_core_clock/X (sky130_fd_sc_hd__clkbuf_16)
   0.1386    5.4348 v clkbuf_regs_0_core_clock/X (sky130_fd_sc_hd__clkbuf_16)
   0.2305    5.6653 v clkbuf_0_clk_i_regs/X (sky130_fd_sc_hd__clkbuf_16)
   0.2736    5.9389 v clkbuf_3_5__f_clk_i_regs/X (sky130_fd_sc_hd__clkbuf_16)
   0.1994    6.1383 v clkbuf_leaf_28_clk_i_regs/X (sky130_fd_sc_hd__clkbuf_16)
   0.0010    6.1393 v core_clock_gate_i.en_latch$_DLATCH_N_/GATE_N (sky130_fd_sc_hd__dlxtn_1)
   0.7183    6.8576 ^ core_clock_gate_i.en_latch$_DLATCH_N_/Q (sky130_fd_sc_hd__dlxtn_1)
   0.0110    6.8687 ^ _17071_/B (sky130_fd_sc_hd__and2_0)
             6.8687   data arrival time

  10.0000   10.0000   clock core_clock (rise edge)
   0.0000   10.0000   clock source latency
   0.0000   10.0000 ^ clk_i (in)
   0.1106   10.1106 ^ clkbuf_0_clk_i/X (sky130_fd_sc_hd__clkbuf_16)
   0.1046   10.2151 ^ clkbuf_1_0__f_clk_i/X (sky130_fd_sc_hd__clkbuf_16)
   0.0001   10.2152 ^ _17071_/A (sky130_fd_sc_hd__and2_0)
   0.0000   10.2152   clock reconvergence pessimism
   0.0000   10.2152   clock gating setup time
            10.2152   data required time
-------------------------------------------------------------
            10.2152   data required time
            -6.8687   data arrival time
-------------------------------------------------------------
             3.3465   slack (MET)


Startpoint: rst_ni (input port clocked by vclk_core_clock)
Endpoint: gen_regfile_ff.register_file_i.rf_reg[560]$_DFFE_PN0P_
          (recovery check against rising-edge clock core_clock)
Path Group: asynchronous
Path Type: max

    Delay      Time   Description
-------------------------------------------------------------
   0.0000    0.0000   clock vclk_core_clock (rise edge)
   1.0950    1.0950   clock network delay (ideal)
   2.0000    3.0950 ^ input external delay
   0.0000    3.0950 ^ rst_ni (in)
   0.3685    3.4635 ^ input164/X (sky130_fd_sc_hd__buf_16)
   0.9126    4.3761 ^ place3437/X (sky130_fd_sc_hd__buf_12)
   0.9406    5.3166 ^ place3435/X (sky130_fd_sc_hd__buf_4)
   0.0049    5.3216 ^ gen_regfile_ff.register_file_i.rf_reg[560]$_DFFE_PN0P_/RESET_B (sky130_fd_sc_hd__dfrtp_1)
             5.3216   data arrival time

  10.0000   10.0000   clock core_clock (rise edge)
   0.0000   10.0000   clock source latency
   0.0000   10.0000 ^ clk_i (in)
   0.1253   10.1253 ^ delaybuf_0_core_clock/X (sky130_fd_sc_hd__clkbuf_16)
   0.1412   10.2665 ^ delaybuf_1_core_clock/X (sky130_fd_sc_hd__clkbuf_16)
   0.1208   10.3873 ^ clkbuf_regs_0_core_clock/X (sky130_fd_sc_hd__clkbuf_16)
   0.2591   10.6464 ^ clkbuf_0_clk_i_regs/X (sky130_fd_sc_hd__clkbuf_16)
   0.3097   10.9561 ^ clkbuf_3_5__f_clk_i_regs/X (sky130_fd_sc_hd__clkbuf_16)
   0.1983   11.1545 ^ clkbuf_leaf_27_clk_i_regs/X (sky130_fd_sc_hd__clkbuf_16)
   0.0011   11.1556 ^ gen_regfile_ff.register_file_i.rf_reg[560]$_DFFE_PN0P_/CLK (sky130_fd_sc_hd__dfrtp_1)
   0.0000   11.1556   clock reconvergence pessimism
  -0.0075   11.1481   library recovery time
            11.1481   data required time
-------------------------------------------------------------
            11.1481   data required time
            -5.3216   data arrival time
-------------------------------------------------------------
             5.8265   slack (MET)


Startpoint: rst_ni (input port clocked by vclk_core_clock)
Endpoint: gen_regfile_ff.register_file_i.rf_reg[624]$_DFFE_PN0P_
          (recovery check against rising-edge clock core_clock)
Path Group: asynchronous
Path Type: max

    Delay      Time   Description
-------------------------------------------------------------
   0.0000    0.0000   clock vclk_core_clock (rise edge)
   1.0950    1.0950   clock network delay (ideal)
   2.0000    3.0950 ^ input external delay
   0.0000    3.0950 ^ rst_ni (in)
   0.3685    3.4635 ^ input164/X (sky130_fd_sc_hd__buf_16)
   0.9126    4.3761 ^ place3437/X (sky130_fd_sc_hd__buf_12)
   0.9406    5.3166 ^ place3435/X (sky130_fd_sc_hd__buf_4)
   0.0044    5.3210 ^ gen_regfile_ff.register_file_i.rf_reg[624]$_DFFE_PN0P_/RESET_B (sky130_fd_sc_hd__dfrtp_1)
             5.3210   data arrival time

  10.0000   10.0000   clock core_clock (rise edge)
   0.0000   10.0000   clock source latency
   0.0000   10.0000 ^ clk_i (in)
   0.1253   10.1253 ^ delaybuf_0_core_clock/X (sky130_fd_sc_hd__clkbuf_16)
   0.1412   10.2665 ^ delaybuf_1_core_clock/X (sky130_fd_sc_hd__clkbuf_16)
   0.1208   10.3873 ^ clkbuf_regs_0_core_clock/X (sky130_fd_sc_hd__clkbuf_16)
   0.2591   10.6464 ^ clkbuf_0_clk_i_regs/X (sky130_fd_sc_hd__clkbuf_16)
   0.3097   10.9561 ^ clkbuf_3_5__f_clk_i_regs/X (sky130_fd_sc_hd__clkbuf_16)
   0.1983   11.1545 ^ clkbuf_leaf_27_clk_i_regs/X (sky130_fd_sc_hd__clkbuf_16)
   0.0012   11.1556 ^ gen_regfile_ff.register_file_i.rf_reg[624]$_DFFE_PN0P_/CLK (sky130_fd_sc_hd__dfrtp_1)
   0.0000   11.1556   clock reconvergence pessimism
  -0.0075   11.1481   library recovery time
            11.1481   data required time
-------------------------------------------------------------
            11.1481   data required time
            -5.3210   data arrival time
-------------------------------------------------------------
             5.8271   slack (MET)


Startpoint: rst_ni (input port clocked by vclk_core_clock)
Endpoint: gen_regfile_ff.register_file_i.rf_reg[976]$_DFFE_PN0P_
          (recovery check against rising-edge clock core_clock)
Path Group: asynchronous
Path Type: max

    Delay      Time   Description
-------------------------------------------------------------
   0.0000    0.0000   clock vclk_core_clock (rise edge)
   1.0950    1.0950   clock network delay (ideal)
   2.0000    3.0950 ^ input external delay
   0.0000    3.0950 ^ rst_ni (in)
   0.3685    3.4635 ^ input164/X (sky130_fd_sc_hd__buf_16)
   0.9126    4.3761 ^ place3437/X (sky130_fd_sc_hd__buf_12)
   0.9406    5.3166 ^ place3435/X (sky130_fd_sc_hd__buf_4)
   0.0068    5.3234 ^ gen_regfile_ff.register_file_i.rf_reg[976]$_DFFE_PN0P_/RESET_B (sky130_fd_sc_hd__dfrtp_1)
             5.3234   data arrival time

  10.0000   10.0000   clock core_clock (rise edge)
   0.0000   10.0000   clock source latency
   0.0000   10.0000 ^ clk_i (in)
   0.1253   10.1253 ^ delaybuf_0_core_clock/X (sky130_fd_sc_hd__clkbuf_16)
   0.1412   10.2665 ^ delaybuf_1_core_clock/X (sky130_fd_sc_hd__clkbuf_16)
   0.1208   10.3873 ^ clkbuf_regs_0_core_clock/X (sky130_fd_sc_hd__clkbuf_16)
   0.2591   10.6464 ^ clkbuf_0_clk_i_regs/X (sky130_fd_sc_hd__clkbuf_16)
   0.3097   10.9561 ^ clkbuf_3_5__f_clk_i_regs/X (sky130_fd_sc_hd__clkbuf_16)
   0.2027   11.1588 ^ clkbuf_leaf_26_clk_i_regs/X (sky130_fd_sc_hd__clkbuf_16)
   0.0009   11.1597 ^ gen_regfile_ff.register_file_i.rf_reg[976]$_DFFE_PN0P_/CLK (sky130_fd_sc_hd__dfrtp_1)
   0.0000   11.1597   clock reconvergence pessimism
  -0.0059   11.1537   library recovery time
            11.1537   data required time
-------------------------------------------------------------
            11.1537   data required time
            -5.3234   data arrival time
-------------------------------------------------------------
             5.8304   slack (MET)


Startpoint: rst_ni (input port clocked by vclk_core_clock)
Endpoint: gen_regfile_ff.register_file_i.rf_reg[944]$_DFFE_PN0P_
          (recovery check against rising-edge clock core_clock)
Path Group: asynchronous
Path Type: max

    Delay      Time   Description
-------------------------------------------------------------
   0.0000    0.0000   clock vclk_core_clock (rise edge)
   1.0950    1.0950   clock network delay (ideal)
   2.0000    3.0950 ^ input external delay
   0.0000    3.0950 ^ rst_ni (in)
   0.3685    3.4635 ^ input164/X (sky130_fd_sc_hd__buf_16)
   0.9126    4.3761 ^ place3437/X (sky130_fd_sc_hd__buf_12)
   0.9406    5.3166 ^ place3435/X (sky130_fd_sc_hd__buf_4)
   0.0064    5.3230 ^ gen_regfile_ff.register_file_i.rf_reg[944]$_DFFE_PN0P_/RESET_B (sky130_fd_sc_hd__dfrtp_1)
             5.3230   data arrival time

  10.0000   10.0000   clock core_clock (rise edge)
   0.0000   10.0000   clock source latency
   0.0000   10.0000 ^ clk_i (in)
   0.1253   10.1253 ^ delaybuf_0_core_clock/X (sky130_fd_sc_hd__clkbuf_16)
   0.1412   10.2665 ^ delaybuf_1_core_clock/X (sky130_fd_sc_hd__clkbuf_16)
   0.1208   10.3873 ^ clkbuf_regs_0_core_clock/X (sky130_fd_sc_hd__clkbuf_16)
   0.2591   10.6464 ^ clkbuf_0_clk_i_regs/X (sky130_fd_sc_hd__clkbuf_16)
   0.3097   10.9561 ^ clkbuf_3_5__f_clk_i_regs/X (sky130_fd_sc_hd__clkbuf_16)
   0.2027   11.1588 ^ clkbuf_leaf_26_clk_i_regs/X (sky130_fd_sc_hd__clkbuf_16)
   0.0008   11.1597 ^ gen_regfile_ff.register_file_i.rf_reg[944]$_DFFE_PN0P_/CLK (sky130_fd_sc_hd__dfrtp_1)
   0.0000   11.1597   clock reconvergence pessimism
  -0.0059   11.1537   library recovery time
            11.1537   data required time
-------------------------------------------------------------
            11.1537   data required time
            -5.3230   data arrival time
-------------------------------------------------------------
             5.8307   slack (MET)


Startpoint: rst_ni (input port clocked by vclk_core_clock)
Endpoint: gen_regfile_ff.register_file_i.rf_reg[890]$_DFFE_PN0P_
          (recovery check against rising-edge clock core_clock)
Path Group: asynchronous
Path Type: max

    Delay      Time   Description
-------------------------------------------------------------
   0.0000    0.0000   clock vclk_core_clock (rise edge)
   1.0950    1.0950   clock network delay (ideal)
   2.0000    3.0950 ^ input external delay
   0.0000    3.0950 ^ rst_ni (in)
   0.3685    3.4635 ^ input164/X (sky130_fd_sc_hd__buf_16)
   0.9126    4.3761 ^ place3437/X (sky130_fd_sc_hd__buf_12)
   0.9406    5.3166 ^ place3435/X (sky130_fd_sc_hd__buf_4)
   0.0112    5.3278 ^ gen_regfile_ff.register_file_i.rf_reg[890]$_DFFE_PN0P_/RESET_B (sky130_fd_sc_hd__dfrtp_1)
             5.3278   data arrival time

  10.0000   10.0000   clock core_clock (rise edge)
   0.0000   10.0000   clock source latency
   0.0000   10.0000 ^ clk_i (in)
   0.1253   10.1253 ^ delaybuf_0_core_clock/X (sky130_fd_sc_hd__clkbuf_16)
   0.1412   10.2665 ^ delaybuf_1_core_clock/X (sky130_fd_sc_hd__clkbuf_16)
   0.1208   10.3873 ^ clkbuf_regs_0_core_clock/X (sky130_fd_sc_hd__clkbuf_16)
   0.2591   10.6464 ^ clkbuf_0_clk_i_regs/X (sky130_fd_sc_hd__clkbuf_16)
   0.3097   10.9561 ^ clkbuf_3_5__f_clk_i_regs/X (sky130_fd_sc_hd__clkbuf_16)
   0.2062   11.1624 ^ clkbuf_leaf_21_clk_i_regs/X (sky130_fd_sc_hd__clkbuf_16)
   0.0006   11.1630 ^ gen_regfile_ff.register_file_i.rf_reg[890]$_DFFE_PN0P_/CLK (sky130_fd_sc_hd__dfrtp_1)
   0.0000   11.1630   clock reconvergence pessimism
  -0.0043   11.1587   library recovery time
            11.1587   data required time
-------------------------------------------------------------
            11.1587   data required time
            -5.3278   data arrival time
-------------------------------------------------------------
             5.8309   slack (MET)



########## hold: 5 worst paths ##########
[WARNING STA-0503] report_checks -group_count is deprecated. Use -group_path_count instead.
Startpoint: id_stage_i.controller_i.ctrl_fsm_cs[0]$_DFF_PN1_
            (rising edge-triggered flip-flop clocked by core_clock)
Endpoint: id_stage_i.controller_i.ctrl_fsm_cs[5]$_DFF_PN0_
          (rising edge-triggered flip-flop clocked by core_clock)
Path Group: core_clock
Path Type: min

    Delay      Time   Description
-------------------------------------------------------------
   0.0000    0.0000   clock core_clock (rise edge)
   1.2270    1.2270   clock network delay (propagated)
   0.0000    1.2270 ^ id_stage_i.controller_i.ctrl_fsm_cs[0]$_DFF_PN1_/CLK (sky130_fd_sc_hd__dfstp_2)
   0.3875    1.6144 v id_stage_i.controller_i.ctrl_fsm_cs[0]$_DFF_PN1_/Q (sky130_fd_sc_hd__dfstp_2)
   0.0003    1.6148 v id_stage_i.controller_i.ctrl_fsm_cs[5]$_DFF_PN0_/D (sky130_fd_sc_hd__dfrtp_1)
             1.6148   data arrival time

   0.0000    0.0000   clock core_clock (rise edge)
   1.2252    1.2252   clock network delay (propagated)
  -0.0006    1.2245   clock reconvergence pessimism
             1.2245 ^ id_stage_i.controller_i.ctrl_fsm_cs[5]$_DFF_PN0_/CLK (sky130_fd_sc_hd__dfrtp_1)
  -0.0377    1.1868   library hold time
             1.1868   data required time
-------------------------------------------------------------
             1.1868   data required time
            -1.6148   data arrival time
-------------------------------------------------------------
             0.4280   slack (MET)


Startpoint: cs_registers_i.u_mstack_epc_csr.rd_data_o[15]$_DFFE_PN0P_
            (rising edge-triggered flip-flop clocked by core_clock)
Endpoint: cs_registers_i.u_mstack_epc_csr.rd_data_o[15]$_DFFE_PN0P_
          (rising edge-triggered flip-flop clocked by core_clock)
Path Group: core_clock
Path Type: min

    Delay      Time   Description
-------------------------------------------------------------
   0.0000    0.0000   clock core_clock (rise edge)
   1.2044    1.2044   clock network delay (propagated)
   0.0000    1.2044 ^ cs_registers_i.u_mstack_epc_csr.rd_data_o[15]$_DFFE_PN0P_/CLK (sky130_fd_sc_hd__dfrtp_1)
   0.3416    1.5461 ^ cs_registers_i.u_mstack_epc_csr.rd_data_o[15]$_DFFE_PN0P_/Q (sky130_fd_sc_hd__dfrtp_1)
   0.0494    1.5955 v _23705_/Y (sky130_fd_sc_hd__nand2_1)
   0.0559    1.6514 ^ _23706_/Y (sky130_fd_sc_hd__nand2_1)
   0.0001    1.6514 ^ cs_registers_i.u_mstack_epc_csr.rd_data_o[15]$_DFFE_PN0P_/D (sky130_fd_sc_hd__dfrtp_1)
             1.6514   data arrival time

   0.0000    0.0000   clock core_clock (rise edge)
   1.2051    1.2051   clock network delay (propagated)
  -0.0006    1.2044   clock reconvergence pessimism
             1.2044 ^ cs_registers_i.u_mstack_epc_csr.rd_data_o[15]$_DFFE_PN0P_/CLK (sky130_fd_sc_hd__dfrtp_1)
  -0.0316    1.1728   library hold time
             1.1728   data required time
-------------------------------------------------------------
             1.1728   data required time
            -1.6514   data arrival time
-------------------------------------------------------------
             0.4786   slack (MET)


Startpoint: cs_registers_i.u_mstack_csr.rd_data_o[2]$_DFFE_PN1P_
            (rising edge-triggered flip-flop clocked by core_clock)
Endpoint: cs_registers_i.u_mstack_csr.rd_data_o[2]$_DFFE_PN1P_
          (rising edge-triggered flip-flop clocked by core_clock)
Path Group: core_clock
Path Type: min

    Delay      Time   Description
-------------------------------------------------------------
   0.0000    0.0000   clock core_clock (rise edge)
   1.2187    1.2187   clock network delay (propagated)
   0.0000    1.2187 ^ cs_registers_i.u_mstack_csr.rd_data_o[2]$_DFFE_PN1P_/CLK (sky130_fd_sc_hd__dfstp_2)
   0.3731    1.5918 v cs_registers_i.u_mstack_csr.rd_data_o[2]$_DFFE_PN1P_/Q (sky130_fd_sc_hd__dfstp_2)
   0.0483    1.6401 ^ _24831_/Y (sky130_fd_sc_hd__nand2_1)
   0.0560    1.6961 v _24832_/Y (sky130_fd_sc_hd__nand2_1)
   0.0001    1.6962 v cs_registers_i.u_mstack_csr.rd_data_o[2]$_DFFE_PN1P_/D (sky130_fd_sc_hd__dfstp_2)
             1.6962   data arrival time

   0.0000    0.0000   clock core_clock (rise edge)
   1.2194    1.2194   clock network delay (propagated)
  -0.0006    1.2187   clock reconvergence pessimism
             1.2187 ^ cs_registers_i.u_mstack_csr.rd_data_o[2]$_DFFE_PN1P_/CLK (sky130_fd_sc_hd__dfstp_2)
  -0.0021    1.2166   library hold time
             1.2166   data required time
-------------------------------------------------------------
             1.2166   data required time
            -1.6962   data arrival time
-------------------------------------------------------------
             0.4796   slack (MET)


Startpoint: id_stage_i.imd_val_q_ex_o[18]$_DFFE_PN0P_
            (rising edge-triggered flip-flop clocked by core_clock)
Endpoint: id_stage_i.imd_val_q_ex_o[18]$_DFFE_PN0P_
          (rising edge-triggered flip-flop clocked by core_clock)
Path Group: core_clock
Path Type: min

    Delay      Time   Description
-------------------------------------------------------------
   0.0000    0.0000   clock core_clock (rise edge)
   1.1854    1.1854   clock network delay (propagated)
   0.0000    1.1854 ^ id_stage_i.imd_val_q_ex_o[18]$_DFFE_PN0P_/CLK (sky130_fd_sc_hd__dfrtp_1)
   0.3380    1.5234 ^ id_stage_i.imd_val_q_ex_o[18]$_DFFE_PN0P_/Q (sky130_fd_sc_hd__dfrtp_1)
   0.0459    1.5692 v _23562_/Y (sky130_fd_sc_hd__nand2_1)
   0.0593    1.6285 ^ _23563_/Y (sky130_fd_sc_hd__o21ai_0)
   0.0001    1.6285 ^ id_stage_i.imd_val_q_ex_o[18]$_DFFE_PN0P_/D (sky130_fd_sc_hd__dfrtp_1)
             1.6285   data arrival time

   0.0000    0.0000   clock core_clock (rise edge)
   1.1860    1.1860   clock network delay (propagated)
  -0.0006    1.1854   clock reconvergence pessimism
             1.1854 ^ id_stage_i.imd_val_q_ex_o[18]$_DFFE_PN0P_/CLK (sky130_fd_sc_hd__dfrtp_1)
  -0.0385    1.1468   library hold time
             1.1468   data required time
-------------------------------------------------------------
             1.1468   data required time
            -1.6285   data arrival time
-------------------------------------------------------------
             0.4817   slack (MET)


Startpoint: id_stage_i.imd_val_q_ex_o[8]$_DFFE_PN0P_
            (rising edge-triggered flip-flop clocked by core_clock)
Endpoint: id_stage_i.imd_val_q_ex_o[8]$_DFFE_PN0P_
          (rising edge-triggered flip-flop clocked by core_clock)
Path Group: core_clock
Path Type: min

    Delay      Time   Description
-------------------------------------------------------------
   0.0000    0.0000   clock core_clock (rise edge)
   1.1892    1.1892   clock network delay (propagated)
   0.0000    1.1892 ^ id_stage_i.imd_val_q_ex_o[8]$_DFFE_PN0P_/CLK (sky130_fd_sc_hd__dfrtp_1)
   0.3389    1.5281 ^ id_stage_i.imd_val_q_ex_o[8]$_DFFE_PN0P_/Q (sky130_fd_sc_hd__dfrtp_1)
   0.0452    1.5733 v _23604_/Y (sky130_fd_sc_hd__nand2_1)
   0.0597    1.6331 ^ _23607_/Y (sky130_fd_sc_hd__o21ai_0)
   0.0001    1.6331 ^ id_stage_i.imd_val_q_ex_o[8]$_DFFE_PN0P_/D (sky130_fd_sc_hd__dfrtp_1)
             1.6331   data arrival time

   0.0000    0.0000   clock core_clock (rise edge)
   1.1898    1.1898   clock network delay (propagated)
  -0.0006    1.1892   clock reconvergence pessimism
             1.1892 ^ id_stage_i.imd_val_q_ex_o[8]$_DFFE_PN0P_/CLK (sky130_fd_sc_hd__dfrtp_1)
  -0.0382    1.1510   library hold time
             1.1510   data required time
-------------------------------------------------------------
             1.1510   data required time
            -1.6331   data arrival time
-------------------------------------------------------------
             0.4821   slack (MET)


Startpoint: core_clock_gate_i.en_latch$_DLATCH_N_
            (negative level-sensitive latch clocked by core_clock)
Endpoint: _17071_ (rising clock gating-check end-point clocked by core_clock)
Path Group: gated clock
Path Type: min

    Delay      Time   Description
-------------------------------------------------------------
   5.0000    5.0000   clock core_clock (fall edge)
   1.1393    6.1393   clock network delay (propagated)
   0.0000    6.1393 v core_clock_gate_i.en_latch$_DLATCH_N_/GATE_N (sky130_fd_sc_hd__dlxtn_1)
   0.4281    6.5674 v core_clock_gate_i.en_latch$_DLATCH_N_/Q (sky130_fd_sc_hd__dlxtn_1)
   0.0109    6.5784 v _17071_/B (sky130_fd_sc_hd__and2_0)
             6.5784   data arrival time

   5.0000    5.0000   clock core_clock (fall edge)
   0.2550    5.2550   clock network delay (propagated)
   0.0000    5.2550   clock reconvergence pessimism
             5.2550 v _17071_/A (sky130_fd_sc_hd__and2_0)
   0.0000    5.2550   clock gating hold time
             5.2550   data required time
-------------------------------------------------------------
             5.2550   data required time
            -6.5784   data arrival time
-------------------------------------------------------------
             1.3233   slack (MET)


Startpoint: rst_ni (input port clocked by vclk_core_clock)
Endpoint: id_stage_i.imd_val_q_ex_o[40]$_DFFE_PN0P_
          (removal check against rising-edge clock core_clock)
Path Group: asynchronous
Path Type: min

    Delay      Time   Description
-------------------------------------------------------------
   0.0000    0.0000   clock vclk_core_clock (rise edge)
   1.0950    1.0950   clock network delay (ideal)
   2.0000    3.0950 ^ input external delay
   0.0000    3.0950 ^ rst_ni (in)
   0.3685    3.4635 ^ input164/X (sky130_fd_sc_hd__buf_16)
   0.0444    3.5078 ^ id_stage_i.imd_val_q_ex_o[40]$_DFFE_PN0P_/RESET_B (sky130_fd_sc_hd__dfrtp_1)
             3.5078   data arrival time

   0.0000    0.0000   clock core_clock (rise edge)
   1.2191    1.2191   clock network delay (propagated)
   0.0000    1.2191   clock reconvergence pessimism
             1.2191 ^ id_stage_i.imd_val_q_ex_o[40]$_DFFE_PN0P_/CLK (sky130_fd_sc_hd__dfrtp_1)
   0.4857    1.7048   library removal time
             1.7048   data required time
-------------------------------------------------------------
             1.7048   data required time
            -3.5078   data arrival time
-------------------------------------------------------------
             1.8030   slack (MET)


Startpoint: rst_ni (input port clocked by vclk_core_clock)
Endpoint: id_stage_i.imd_val_q_ex_o[39]$_DFFE_PN0P_
          (removal check against rising-edge clock core_clock)
Path Group: asynchronous
Path Type: min

    Delay      Time   Description
-------------------------------------------------------------
   0.0000    0.0000   clock vclk_core_clock (rise edge)
   1.0950    1.0950   clock network delay (ideal)
   2.0000    3.0950 ^ input external delay
   0.0000    3.0950 ^ rst_ni (in)
   0.3685    3.4635 ^ input164/X (sky130_fd_sc_hd__buf_16)
   0.0445    3.5080 ^ id_stage_i.imd_val_q_ex_o[39]$_DFFE_PN0P_/RESET_B (sky130_fd_sc_hd__dfrtp_1)
             3.5080   data arrival time

   0.0000    0.0000   clock core_clock (rise edge)
   1.2191    1.2191   clock network delay (propagated)
   0.0000    1.2191   clock reconvergence pessimism
             1.2191 ^ id_stage_i.imd_val_q_ex_o[39]$_DFFE_PN0P_/CLK (sky130_fd_sc_hd__dfrtp_1)
   0.4857    1.7049   library removal time
             1.7049   data required time
-------------------------------------------------------------
             1.7049   data required time
            -3.5080   data arrival time
-------------------------------------------------------------
             1.8031   slack (MET)


Startpoint: rst_ni (input port clocked by vclk_core_clock)
Endpoint: id_stage_i.imd_val_q_ex_o[42]$_DFFE_PN0P_
          (removal check against rising-edge clock core_clock)
Path Group: asynchronous
Path Type: min

    Delay      Time   Description
-------------------------------------------------------------
   0.0000    0.0000   clock vclk_core_clock (rise edge)
   1.0950    1.0950   clock network delay (ideal)
   2.0000    3.0950 ^ input external delay
   0.0000    3.0950 ^ rst_ni (in)
   0.3685    3.4635 ^ input164/X (sky130_fd_sc_hd__buf_16)
   0.0445    3.5080 ^ id_stage_i.imd_val_q_ex_o[42]$_DFFE_PN0P_/RESET_B (sky130_fd_sc_hd__dfrtp_1)
             3.5080   data arrival time

   0.0000    0.0000   clock core_clock (rise edge)
   1.2116    1.2116   clock network delay (propagated)
   0.0000    1.2116   clock reconvergence pessimism
             1.2116 ^ id_stage_i.imd_val_q_ex_o[42]$_DFFE_PN0P_/CLK (sky130_fd_sc_hd__dfrtp_1)
   0.4835    1.6951   library removal time
             1.6951   data required time
-------------------------------------------------------------
             1.6951   data required time
            -3.5080   data arrival time
-------------------------------------------------------------
             1.8129   slack (MET)


Startpoint: rst_ni (input port clocked by vclk_core_clock)
Endpoint: id_stage_i.imd_val_q_ex_o[41]$_DFFE_PN0P_
          (removal check against rising-edge clock core_clock)
Path Group: asynchronous
Path Type: min

    Delay      Time   Description
-------------------------------------------------------------
   0.0000    0.0000   clock vclk_core_clock (rise edge)
   1.0950    1.0950   clock network delay (ideal)
   2.0000    3.0950 ^ input external delay
   0.0000    3.0950 ^ rst_ni (in)
   0.3685    3.4635 ^ input164/X (sky130_fd_sc_hd__buf_16)
   0.0445    3.5079 ^ id_stage_i.imd_val_q_ex_o[41]$_DFFE_PN0P_/RESET_B (sky130_fd_sc_hd__dfrtp_1)
             3.5079   data arrival time

   0.0000    0.0000   clock core_clock (rise edge)
   1.2115    1.2115   clock network delay (propagated)
   0.0000    1.2115   clock reconvergence pessimism
             1.2115 ^ id_stage_i.imd_val_q_ex_o[41]$_DFFE_PN0P_/CLK (sky130_fd_sc_hd__dfrtp_1)
   0.4835    1.6950   library removal time
             1.6950   data required time
-------------------------------------------------------------
             1.6950   data required time
            -3.5079   data arrival time
-------------------------------------------------------------
             1.8129   slack (MET)


Startpoint: rst_ni (input port clocked by vclk_core_clock)
Endpoint: ex_block_i.gen_multdiv_fast.multdiv_i.op_numerator_q[2]$_DFFE_PN0P_
          (removal check against rising-edge clock core_clock)
Path Group: asynchronous
Path Type: min

    Delay      Time   Description
-------------------------------------------------------------
   0.0000    0.0000   clock vclk_core_clock (rise edge)
   1.0950    1.0950   clock network delay (ideal)
   2.0000    3.0950 ^ input external delay
   0.0000    3.0950 ^ rst_ni (in)
   0.3685    3.4635 ^ input164/X (sky130_fd_sc_hd__buf_16)
   0.0443    3.5078 ^ ex_block_i.gen_multdiv_fast.multdiv_i.op_numerator_q[2]$_DFFE_PN0P_/RESET_B (sky130_fd_sc_hd__dfrtp_1)
             3.5078   data arrival time

   0.0000    0.0000   clock core_clock (rise edge)
   1.2111    1.2111   clock network delay (propagated)
   0.0000    1.2111   clock reconvergence pessimism
             1.2111 ^ ex_block_i.gen_multdiv_fast.multdiv_i.op_numerator_q[2]$_DFFE_PN0P_/CLK (sky130_fd_sc_hd__dfrtp_1)
   0.4835    1.6947   library removal time
             1.6947   data required time
-------------------------------------------------------------
             1.6947   data required time
            -3.5078   data arrival time
-------------------------------------------------------------
             1.8131   slack (MET)


Startpoint: core_busy_q$_DFF_PN0_
            (rising edge-triggered flip-flop clocked by core_clock)
Endpoint: core_sleep_o (output port clocked by vclk_core_clock)
Path Group: vclk_core_clock
Path Type: min

    Delay      Time   Description
-------------------------------------------------------------
   0.0000    0.0000   clock core_clock (rise edge)
   1.1577    1.1577   clock network delay (propagated)
   0.0000    1.1577 ^ core_busy_q$_DFF_PN0_/CLK (sky130_fd_sc_hd__dfrtp_1)
   0.3288    1.4864 ^ core_busy_q$_DFF_PN0_/Q (sky130_fd_sc_hd__dfrtp_1)
   0.1124    1.5988 v _18648_/Y (sky130_fd_sc_hd__o31ai_1)
   0.4707    2.0695 v output166/X (sky130_fd_sc_hd__clkdlybuf4s50_1)
   0.0002    2.0697 v core_sleep_o (out)
             2.0697   data arrival time

   0.0000    0.0000   clock vclk_core_clock (rise edge)
   1.0950    1.0950   clock network delay (ideal)
   0.0000    1.0950   clock reconvergence pessimism
  -2.0000   -0.9050   output external delay
            -0.9050   data required time
-------------------------------------------------------------
            -0.9050   data required time
            -2.0697   data arrival time
-------------------------------------------------------------
             2.9747   slack (MET)


Startpoint: if_stage_i.gen_prefetch_buffer.prefetch_buffer_i.stored_addr_q[31]$_DFFE_PP_
            (rising edge-triggered flip-flop clocked by core_clock)
Endpoint: instr_addr_o[31] (output port clocked by vclk_core_clock)
Path Group: vclk_core_clock
Path Type: min

    Delay      Time   Description
-------------------------------------------------------------
   0.0000    0.0000   clock core_clock (rise edge)
   1.2213    1.2213   clock network delay (propagated)
   0.0000    1.2213 ^ if_stage_i.gen_prefetch_buffer.prefetch_buffer_i.stored_addr_q[31]$_DFFE_PP_/CLK (sky130_fd_sc_hd__edfxtp_1)
   0.3246    1.5459 ^ if_stage_i.gen_prefetch_buffer.prefetch_buffer_i.stored_addr_q[31]$_DFFE_PP_/Q (sky130_fd_sc_hd__edfxtp_1)
   0.1399    1.6858 ^ _17615_/X (sky130_fd_sc_hd__mux2_1)
   0.4600    2.1458 ^ output257/X (sky130_fd_sc_hd__clkdlybuf4s50_1)
   0.0000    2.1458 ^ instr_addr_o[31] (out)
             2.1458   data arrival time

   0.0000    0.0000   clock vclk_core_clock (rise edge)
   1.0950    1.0950   clock network delay (ideal)
   0.0000    1.0950   clock reconvergence pessimism
  -2.0000   -0.9050   output external delay
            -0.9050   data required time
-------------------------------------------------------------
            -0.9050   data required time
            -2.1458   data arrival time
-------------------------------------------------------------
             3.0508   slack (MET)


Startpoint: if_stage_i.gen_prefetch_buffer.prefetch_buffer_i.stored_addr_q[29]$_DFFE_PP_
            (rising edge-triggered flip-flop clocked by core_clock)
Endpoint: instr_addr_o[29] (output port clocked by vclk_core_clock)
Path Group: vclk_core_clock
Path Type: min

    Delay      Time   Description
-------------------------------------------------------------
   0.0000    0.0000   clock core_clock (rise edge)
   1.2214    1.2214   clock network delay (propagated)
   0.0000    1.2214 ^ if_stage_i.gen_prefetch_buffer.prefetch_buffer_i.stored_addr_q[29]$_DFFE_PP_/CLK (sky130_fd_sc_hd__edfxtp_1)
   0.3294    1.5508 ^ if_stage_i.gen_prefetch_buffer.prefetch_buffer_i.stored_addr_q[29]$_DFFE_PP_/Q (sky130_fd_sc_hd__edfxtp_1)
   0.1475    1.6983 ^ _18523_/X (sky130_fd_sc_hd__mux2_1)
   0.4638    2.1620 ^ output254/X (sky130_fd_sc_hd__clkdlybuf4s50_1)
   0.0000    2.1621 ^ instr_addr_o[29] (out)
             2.1621   data arrival time

   0.0000    0.0000   clock vclk_core_clock (rise edge)
   1.0950    1.0950   clock network delay (ideal)
   0.0000    1.0950   clock reconvergence pessimism
  -2.0000   -0.9050   output external delay
            -0.9050   data required time
-------------------------------------------------------------
            -0.9050   data required time
            -2.1621   data arrival time
-------------------------------------------------------------
             3.0671   slack (MET)


Startpoint: if_stage_i.gen_prefetch_buffer.prefetch_buffer_i.stored_addr_q[26]$_DFFE_PP_
            (rising edge-triggered flip-flop clocked by core_clock)
Endpoint: instr_addr_o[26] (output port clocked by vclk_core_clock)
Path Group: vclk_core_clock
Path Type: min

    Delay      Time   Description
-------------------------------------------------------------
   0.0000    0.0000   clock core_clock (rise edge)
   1.2218    1.2218   clock network delay (propagated)
   0.0000    1.2218 ^ if_stage_i.gen_prefetch_buffer.prefetch_buffer_i.stored_addr_q[26]$_DFFE_PP_/CLK (sky130_fd_sc_hd__edfxtp_1)
   0.3341    1.5558 ^ if_stage_i.gen_prefetch_buffer.prefetch_buffer_i.stored_addr_q[26]$_DFFE_PP_/Q (sky130_fd_sc_hd__edfxtp_1)
   0.1463    1.7021 ^ _18520_/X (sky130_fd_sc_hd__mux2_1)
   0.4623    2.1644 ^ output251/X (sky130_fd_sc_hd__clkdlybuf4s50_1)
   0.0000    2.1644 ^ instr_addr_o[26] (out)
             2.1644   data arrival time

   0.0000    0.0000   clock vclk_core_clock (rise edge)
   1.0950    1.0950   clock network delay (ideal)
   0.0000    1.0950   clock reconvergence pessimism
  -2.0000   -0.9050   output external delay
            -0.9050   data required time
-------------------------------------------------------------
            -0.9050   data required time
            -2.1644   data arrival time
-------------------------------------------------------------
             3.0694   slack (MET)


Startpoint: if_stage_i.gen_prefetch_buffer.prefetch_buffer_i.stored_addr_q[25]$_DFFE_PP_
            (rising edge-triggered flip-flop clocked by core_clock)
Endpoint: instr_addr_o[25] (output port clocked by vclk_core_clock)
Path Group: vclk_core_clock
Path Type: min

    Delay      Time   Description
-------------------------------------------------------------
   0.0000    0.0000   clock core_clock (rise edge)
   1.2305    1.2305   clock network delay (propagated)
   0.0000    1.2305 ^ if_stage_i.gen_prefetch_buffer.prefetch_buffer_i.stored_addr_q[25]$_DFFE_PP_/CLK (sky130_fd_sc_hd__edfxtp_1)
   0.3242    1.5547 ^ if_stage_i.gen_prefetch_buffer.prefetch_buffer_i.stored_addr_q[25]$_DFFE_PP_/Q (sky130_fd_sc_hd__edfxtp_1)
   0.1445    1.6992 ^ _18518_/X (sky130_fd_sc_hd__mux2_1)
   0.4682    2.1674 ^ output250/X (sky130_fd_sc_hd__clkdlybuf4s50_1)
   0.0000    2.1674 ^ instr_addr_o[25] (out)
             2.1674   data arrival time

   0.0000    0.0000   clock vclk_core_clock (rise edge)
   1.0950    1.0950   clock network delay (ideal)
   0.0000    1.0950   clock reconvergence pessimism
  -2.0000   -0.9050   output external delay
            -0.9050   data required time
-------------------------------------------------------------
            -0.9050   data required time
            -2.1674   data arrival time
-------------------------------------------------------------
             3.0724   slack (MET)



########## WNS / TNS ##########
worst slack max 0.0011
worst slack min 0.4280
tns max 0.0000

########## min period / fmax ##########
core_clock period_min = 10.00 fmax = 100.01
vclk_core_clock period_min = 0.00 fmax = inf


########## clock skew ##########
Clock core_clock
 1.2335 source latency if_stage_i.instr_rdata_id_o[23]$_DFFE_PP_/CLK ^
-1.0912 target latency gen_regfile_ff.register_file_i.rf_reg[38]$_DFFE_PN0P_/CLK ^
 0.0000 CRPR
--------------
 0.1423 setup skew

Clock vclk_core_clock
No launch/capture paths found.



########## design area ##########
Design area 154099 um^2 60% utilization.
METRIC cts setup_wns=0.0011466383722620096 setup_tns=0.0 hold_wns=0.4279565711826729
