OpenROAD 26Q3-771-g7cfb2105c9 
Features included (+) or not (-): +GPU +GUI +Python
This program is licensed under the BSD-3 license. See the LICENSE file for details.
Components of this program may be licensed under more restrictive licenses which must be honored.
########## STA_MODE = route ##########
[WARNING ORD-0012] Hierarchical flow (-hier) is currently in development and may cause multiple issues. Do not use in production environments.

########## setup: 5 worst paths ##########
[WARNING STA-0503] report_checks -group_count is deprecated. Use -group_path_count instead.
Startpoint: irq_fast_i[8] (input port clocked by vclk_core_clock)
Endpoint: core_clock_gate_i.en_latch$_DLATCH_N_
          (negative level-sensitive latch clocked by core_clock)
Path Group: core_clock
Path Type: max

    Delay      Time   Description
-------------------------------------------------------------
   0.0000    0.0000   clock vclk_core_clock (rise edge)
   1.0950    1.0950   clock network delay (ideal)
   2.0000    3.0950 v input external delay
   0.0000    3.0950 v irq_fast_i[8] (in)
   0.5085    3.6035 v input159/X (sky130_fd_sc_hd__clkdlybuf4s50_1)
   0.3089    3.9124 v _17012_/X (sky130_fd_sc_hd__a22o_1)
   0.4189    4.3312 ^ _17013_/Y (sky130_fd_sc_hd__a221oi_1)
   0.2306    4.5619 ^ place3222/X (sky130_fd_sc_hd__buf_4)
   0.1883    4.7502 v _17018_/Y (sky130_fd_sc_hd__nand3_1)
   0.2694    5.0196 ^ _17019_/Y (sky130_fd_sc_hd__nor2_1)
   0.3975    5.4171 v _17023_/Y (sky130_fd_sc_hd__nand3_1)
   0.5224    5.9395 ^ _18648_/Y (sky130_fd_sc_hd__o31ai_1)
   0.1042    6.0436 v _18649_/Y (sky130_fd_sc_hd__nand2b_1)
   0.0001    6.0437 v core_clock_gate_i.en_latch$_DLATCH_N_/D (sky130_fd_sc_hd__dlxtn_1)
             6.0437   data arrival time

   5.0000    5.0000   clock core_clock (fall edge)
   0.0000    5.0000   clock source latency
   0.0000    5.0000 v clk_i (in)
   0.1377    5.1377 v delaybuf_0_core_clock/X (sky130_fd_sc_hd__clkbuf_16)
   0.1513    5.2890 v delaybuf_1_core_clock/X (sky130_fd_sc_hd__clkbuf_16)
   0.1365    5.4255 v clkbuf_regs_0_core_clock/X (sky130_fd_sc_hd__clkbuf_16)
   0.2220    5.6475 v clkbuf_0_clk_i_regs/X (sky130_fd_sc_hd__clkbuf_16)
   0.2661    5.9137 v clkbuf_3_5__f_clk_i_regs/X (sky130_fd_sc_hd__clkbuf_16)
   0.1970    6.1106 v clkbuf_leaf_28_clk_i_regs/X (sky130_fd_sc_hd__clkbuf_16)
   0.0016    6.1123 v core_clock_gate_i.en_latch$_DLATCH_N_/GATE_N (sky130_fd_sc_hd__dlxtn_1)
   0.0000    6.1123   clock reconvergence pessimism
   0.0000    6.1123   time borrowed from endpoint
             6.1123   data required time
-------------------------------------------------------------
             6.1123   data required time
            -6.0437   data arrival time
-------------------------------------------------------------
             0.0686   slack (MET)

Time Borrowing Information
----------------------------------------------
core_clock nominal pulse width          5.0000
clock latency difference                0.0085
library setup time                     -0.1288
----------------------------------------------
max time borrow                         4.8798
actual time borrow                      0.0000
----------------------------------------------


Startpoint: if_stage_i.instr_rdata_id_o[22]$_DFFE_PP_
            (rising edge-triggered flip-flop clocked by core_clock)
Endpoint: gen_regfile_ff.register_file_i.rf_reg[894]$_DFFE_PN0P_
          (rising edge-triggered flip-flop clocked by core_clock)
Path Group: core_clock
Path Type: max

    Delay      Time   Description
-------------------------------------------------------------
   0.0000    0.0000   clock core_clock (rise edge)
   0.0000    0.0000   clock source latency
   0.0000    0.0000 ^ clk_i (in)
   0.1087    0.1087 ^ clkbuf_0_clk_i/X (sky130_fd_sc_hd__clkbuf_16)
   0.1048    0.2135 ^ clkbuf_1_0__f_clk_i/X (sky130_fd_sc_hd__clkbuf_16)
   0.1745    0.3880 ^ _17071_/X (sky130_fd_sc_hd__and2_0)
   0.2883    0.6763 ^ clkbuf_0__05563_/X (sky130_fd_sc_hd__clkbuf_16)
   0.2814    0.9577 ^ clkbuf_3_0_0__05563_/X (sky130_fd_sc_hd__clkbuf_16)
   0.2059    1.1636 ^ clkbuf_leaf_0__05563_/X (sky130_fd_sc_hd__clkbuf_16)
   0.0003    1.1639 ^ if_stage_i.instr_rdata_id_o[22]$_DFFE_PP_/CLK (sky130_fd_sc_hd__edfxtp_1)
   0.4201    1.5840 ^ if_stage_i.instr_rdata_id_o[22]$_DFFE_PP_/Q (sky130_fd_sc_hd__edfxtp_1)
   0.3221    1.9061 ^ place3317/X (sky130_fd_sc_hd__buf_12)
   0.6727    2.5788 v _14278_/X (sky130_fd_sc_hd__mux4_2)
   0.2407    2.8196 ^ _14281_/Y (sky130_fd_sc_hd__a22oi_1)
   0.5086    3.3281 v _14283_/Y (sky130_fd_sc_hd__nand3_1)
   0.5706    3.8987 ^ _14292_/Y (sky130_fd_sc_hd__nand2_1)
   0.2207    4.1193 ^ place3162/X (sky130_fd_sc_hd__buf_4)
   0.0478    4.1672 v _14293_/Y (sky130_fd_sc_hd__nor2_1)
   0.1875    4.3547 ^ _14294_/Y (sky130_fd_sc_hd__a21oi_2)
   0.3505    4.7051 ^ place2980/X (sky130_fd_sc_hd__buf_4)
   0.6271    5.3322 ^ _17174_/X (sky130_fd_sc_hd__and2_0)
   0.3771    5.7093 v _17226_/Y (sky130_fd_sc_hd__nand2_1)
   0.7181    6.4274 ^ _17227_/Y (sky130_fd_sc_hd__nor2_1)
   0.0868    6.5142 v _17265_/Y (sky130_fd_sc_hd__nor2_1)
   0.5787    7.0929 ^ _17266_/Y (sky130_fd_sc_hd__a2111oi_1)
   0.1405    7.2334 v _17271_/Y (sky130_fd_sc_hd__nor2_1)
   0.0925    7.3259 ^ _17284_/Y (sky130_fd_sc_hd__nand2_1)
   0.4135    7.7394 v _17285_/Y (sky130_fd_sc_hd__o21ai_1)
   0.5979    8.3373 ^ _17291_/Y (sky130_fd_sc_hd__a21boi_2)
   0.2562    8.5935 v _18653_/Y (sky130_fd_sc_hd__o311ai_2)
   0.2190    8.8124 ^ _18654_/Y (sky130_fd_sc_hd__o41ai_1)
   0.1145    8.9270 v _20147_/Y (sky130_fd_sc_hd__nand2_1)
   0.4110    9.3380 ^ _20148_/Y (sky130_fd_sc_hd__nor2_1)
   0.2783    9.6162 ^ place2432/X (sky130_fd_sc_hd__buf_4)
   0.4776   10.0939 v _21050_/Y (sky130_fd_sc_hd__nand2_4)
   0.8236   10.9175 v _21051_/X (sky130_fd_sc_hd__mux2_1)
   0.0001   10.9176 v gen_regfile_ff.register_file_i.rf_reg[894]$_DFFE_PN0P_/D (sky130_fd_sc_hd__dfrtp_1)
            10.9176   data arrival time

  10.0000   10.0000   clock core_clock (rise edge)
   0.0000   10.0000   clock source latency
   0.0000   10.0000 ^ clk_i (in)
   0.1218   10.1218 ^ delaybuf_0_core_clock/X (sky130_fd_sc_hd__clkbuf_16)
   0.1359   10.2577 ^ delaybuf_1_core_clock/X (sky130_fd_sc_hd__clkbuf_16)
   0.1183   10.3760 ^ clkbuf_regs_0_core_clock/X (sky130_fd_sc_hd__clkbuf_16)
   0.2458   10.6218 ^ clkbuf_0_clk_i_regs/X (sky130_fd_sc_hd__clkbuf_16)
   0.2959   10.9177 ^ clkbuf_3_2__f_clk_i_regs/X (sky130_fd_sc_hd__clkbuf_16)
   0.1923   11.1100 ^ clkbuf_leaf_40_clk_i_regs/X (sky130_fd_sc_hd__clkbuf_16)
   0.0011   11.1110 ^ gen_regfile_ff.register_file_i.rf_reg[894]$_DFFE_PN0P_/CLK (sky130_fd_sc_hd__dfrtp_1)
   0.0000   11.1110   clock reconvergence pessimism
  -0.1202   10.9908   library setup time
            10.9908   data required time
-------------------------------------------------------------
            10.9908   data required time
           -10.9176   data arrival time
-------------------------------------------------------------
             0.0732   slack (MET)


Startpoint: if_stage_i.instr_rdata_id_o[22]$_DFFE_PP_
            (rising edge-triggered flip-flop clocked by core_clock)
Endpoint: gen_regfile_ff.register_file_i.rf_reg[830]$_DFFE_PN0P_
          (rising edge-triggered flip-flop clocked by core_clock)
Path Group: core_clock
Path Type: max

    Delay      Time   Description
-------------------------------------------------------------
   0.0000    0.0000   clock core_clock (rise edge)
   0.0000    0.0000   clock source latency
   0.0000    0.0000 ^ clk_i (in)
   0.1087    0.1087 ^ clkbuf_0_clk_i/X (sky130_fd_sc_hd__clkbuf_16)
   0.1048    0.2135 ^ clkbuf_1_0__f_clk_i/X (sky130_fd_sc_hd__clkbuf_16)
   0.1745    0.3880 ^ _17071_/X (sky130_fd_sc_hd__and2_0)
   0.2883    0.6763 ^ clkbuf_0__05563_/X (sky130_fd_sc_hd__clkbuf_16)
   0.2814    0.9577 ^ clkbuf_3_0_0__05563_/X (sky130_fd_sc_hd__clkbuf_16)
   0.2059    1.1636 ^ clkbuf_leaf_0__05563_/X (sky130_fd_sc_hd__clkbuf_16)
   0.0003    1.1639 ^ if_stage_i.instr_rdata_id_o[22]$_DFFE_PP_/CLK (sky130_fd_sc_hd__edfxtp_1)
   0.4201    1.5840 ^ if_stage_i.instr_rdata_id_o[22]$_DFFE_PP_/Q (sky130_fd_sc_hd__edfxtp_1)
   0.3221    1.9061 ^ place3317/X (sky130_fd_sc_hd__buf_12)
   0.6727    2.5788 v _14278_/X (sky130_fd_sc_hd__mux4_2)
   0.2407    2.8196 ^ _14281_/Y (sky130_fd_sc_hd__a22oi_1)
   0.5086    3.3281 v _14283_/Y (sky130_fd_sc_hd__nand3_1)
   0.5706    3.8987 ^ _14292_/Y (sky130_fd_sc_hd__nand2_1)
   0.2207    4.1193 ^ place3162/X (sky130_fd_sc_hd__buf_4)
   0.0478    4.1672 v _14293_/Y (sky130_fd_sc_hd__nor2_1)
   0.1875    4.3547 ^ _14294_/Y (sky130_fd_sc_hd__a21oi_2)
   0.3505    4.7051 ^ place2980/X (sky130_fd_sc_hd__buf_4)
   0.6271    5.3322 ^ _17174_/X (sky130_fd_sc_hd__and2_0)
   0.3771    5.7093 v _17226_/Y (sky130_fd_sc_hd__nand2_1)
   0.7181    6.4274 ^ _17227_/Y (sky130_fd_sc_hd__nor2_1)
   0.0868    6.5142 v _17265_/Y (sky130_fd_sc_hd__nor2_1)
   0.5787    7.0929 ^ _17266_/Y (sky130_fd_sc_hd__a2111oi_1)
   0.1405    7.2334 v _17271_/Y (sky130_fd_sc_hd__nor2_1)
   0.0925    7.3259 ^ _17284_/Y (sky130_fd_sc_hd__nand2_1)
   0.4135    7.7394 v _17285_/Y (sky130_fd_sc_hd__o21ai_1)
   0.5979    8.3373 ^ _17291_/Y (sky130_fd_sc_hd__a21boi_2)
   0.2562    8.5935 v _18653_/Y (sky130_fd_sc_hd__o311ai_2)
   0.2190    8.8124 ^ _18654_/Y (sky130_fd_sc_hd__o41ai_1)
   0.1145    8.9270 v _20147_/Y (sky130_fd_sc_hd__nand2_1)
   0.4110    9.3380 ^ _20148_/Y (sky130_fd_sc_hd__nor2_1)
   0.2783    9.6162 ^ place2432/X (sky130_fd_sc_hd__buf_4)
   0.6152   10.2314 v _20467_/Y (sky130_fd_sc_hd__nand2_4)
   0.6445   10.8759 v _20468_/X (sky130_fd_sc_hd__mux2_1)
   0.0001   10.8760 v gen_regfile_ff.register_file_i.rf_reg[830]$_DFFE_PN0P_/D (sky130_fd_sc_hd__dfrtp_1)
            10.8760   data arrival time

  10.0000   10.0000   clock core_clock (rise edge)
   0.0000   10.0000   clock source latency
   0.0000   10.0000 ^ clk_i (in)
   0.1218   10.1218 ^ delaybuf_0_core_clock/X (sky130_fd_sc_hd__clkbuf_16)
   0.1359   10.2577 ^ delaybuf_1_core_clock/X (sky130_fd_sc_hd__clkbuf_16)
   0.1183   10.3760 ^ clkbuf_regs_0_core_clock/X (sky130_fd_sc_hd__clkbuf_16)
   0.2458   10.6218 ^ clkbuf_0_clk_i_regs/X (sky130_fd_sc_hd__clkbuf_16)
   0.2959   10.9177 ^ clkbuf_3_2__f_clk_i_regs/X (sky130_fd_sc_hd__clkbuf_16)
   0.1937   11.1114 ^ clkbuf_leaf_41_clk_i_regs/X (sky130_fd_sc_hd__clkbuf_16)
   0.0009   11.1123 ^ gen_regfile_ff.register_file_i.rf_reg[830]$_DFFE_PN0P_/CLK (sky130_fd_sc_hd__dfrtp_1)
   0.0000   11.1123   clock reconvergence pessimism
  -0.1184   10.9940   library setup time
            10.9940   data required time
-------------------------------------------------------------
            10.9940   data required time
           -10.8760   data arrival time
-------------------------------------------------------------
             0.1180   slack (MET)


Startpoint: if_stage_i.instr_rdata_id_o[22]$_DFFE_PP_
            (rising edge-triggered flip-flop clocked by core_clock)
Endpoint: gen_regfile_ff.register_file_i.rf_reg[889]$_DFFE_PN0P_
          (rising edge-triggered flip-flop clocked by core_clock)
Path Group: core_clock
Path Type: max

    Delay      Time   Description
-------------------------------------------------------------
   0.0000    0.0000   clock core_clock (rise edge)
   0.0000    0.0000   clock source latency
   0.0000    0.0000 ^ clk_i (in)
   0.1087    0.1087 ^ clkbuf_0_clk_i/X (sky130_fd_sc_hd__clkbuf_16)
   0.1048    0.2135 ^ clkbuf_1_0__f_clk_i/X (sky130_fd_sc_hd__clkbuf_16)
   0.1745    0.3880 ^ _17071_/X (sky130_fd_sc_hd__and2_0)
   0.2883    0.6763 ^ clkbuf_0__05563_/X (sky130_fd_sc_hd__clkbuf_16)
   0.2814    0.9577 ^ clkbuf_3_0_0__05563_/X (sky130_fd_sc_hd__clkbuf_16)
   0.2059    1.1636 ^ clkbuf_leaf_0__05563_/X (sky130_fd_sc_hd__clkbuf_16)
   0.0003    1.1639 ^ if_stage_i.instr_rdata_id_o[22]$_DFFE_PP_/CLK (sky130_fd_sc_hd__edfxtp_1)
   0.4201    1.5840 ^ if_stage_i.instr_rdata_id_o[22]$_DFFE_PP_/Q (sky130_fd_sc_hd__edfxtp_1)
   0.3221    1.9061 ^ place3317/X (sky130_fd_sc_hd__buf_12)
   0.6727    2.5788 v _14278_/X (sky130_fd_sc_hd__mux4_2)
   0.2407    2.8196 ^ _14281_/Y (sky130_fd_sc_hd__a22oi_1)
   0.5086    3.3281 v _14283_/Y (sky130_fd_sc_hd__nand3_1)
   0.5706    3.8987 ^ _14292_/Y (sky130_fd_sc_hd__nand2_1)
   0.2207    4.1193 ^ place3162/X (sky130_fd_sc_hd__buf_4)
   0.0478    4.1672 v _14293_/Y (sky130_fd_sc_hd__nor2_1)
   0.1875    4.3547 ^ _14294_/Y (sky130_fd_sc_hd__a21oi_2)
   0.3505    4.7051 ^ place2980/X (sky130_fd_sc_hd__buf_4)
   0.6271    5.3322 ^ _17174_/X (sky130_fd_sc_hd__and2_0)
   0.3771    5.7093 v _17226_/Y (sky130_fd_sc_hd__nand2_1)
   0.7181    6.4274 ^ _17227_/Y (sky130_fd_sc_hd__nor2_1)
   0.0868    6.5142 v _17265_/Y (sky130_fd_sc_hd__nor2_1)
   0.5787    7.0929 ^ _17266_/Y (sky130_fd_sc_hd__a2111oi_1)
   0.1405    7.2334 v _17271_/Y (sky130_fd_sc_hd__nor2_1)
   0.0925    7.3259 ^ _17284_/Y (sky130_fd_sc_hd__nand2_1)
   0.4135    7.7394 v _17285_/Y (sky130_fd_sc_hd__o21ai_1)
   0.5979    8.3373 ^ _17291_/Y (sky130_fd_sc_hd__a21boi_2)
   0.2562    8.5935 v _18653_/Y (sky130_fd_sc_hd__o311ai_2)
   0.2190    8.8124 ^ _18654_/Y (sky130_fd_sc_hd__o41ai_1)
   0.1145    8.9270 v _20147_/Y (sky130_fd_sc_hd__nand2_1)
   0.4110    9.3380 ^ _20148_/Y (sky130_fd_sc_hd__nor2_1)
   0.2783    9.6162 ^ place2432/X (sky130_fd_sc_hd__buf_4)
   0.4776   10.0939 v _21050_/Y (sky130_fd_sc_hd__nand2_4)
   0.7974   10.8913 v _21061_/X (sky130_fd_sc_hd__mux2_1)
   0.0001   10.8913 v gen_regfile_ff.register_file_i.rf_reg[889]$_DFFE_PN0P_/D (sky130_fd_sc_hd__dfrtp_1)
            10.8913   data arrival time

  10.0000   10.0000   clock core_clock (rise edge)
   0.0000   10.0000   clock source latency
   0.0000   10.0000 ^ clk_i (in)
   0.1218   10.1218 ^ delaybuf_0_core_clock/X (sky130_fd_sc_hd__clkbuf_16)
   0.1359   10.2577 ^ delaybuf_1_core_clock/X (sky130_fd_sc_hd__clkbuf_16)
   0.1183   10.3760 ^ clkbuf_regs_0_core_clock/X (sky130_fd_sc_hd__clkbuf_16)
   0.2458   10.6218 ^ clkbuf_0_clk_i_regs/X (sky130_fd_sc_hd__clkbuf_16)
   0.2987   10.9206 ^ clkbuf_3_3__f_clk_i_regs/X (sky130_fd_sc_hd__clkbuf_16)
   0.2011   11.1217 ^ clkbuf_leaf_36_clk_i_regs/X (sky130_fd_sc_hd__clkbuf_16)
   0.0014   11.1231 ^ gen_regfile_ff.register_file_i.rf_reg[889]$_DFFE_PN0P_/CLK (sky130_fd_sc_hd__dfrtp_1)
   0.0000   11.1231   clock reconvergence pessimism
  -0.1137   11.0094   library setup time
            11.0094   data required time
-------------------------------------------------------------
            11.0094   data required time
           -10.8913   data arrival time
-------------------------------------------------------------
             0.1181   slack (MET)


Startpoint: if_stage_i.instr_rdata_id_o[22]$_DFFE_PP_
            (rising edge-triggered flip-flop clocked by core_clock)
Endpoint: gen_regfile_ff.register_file_i.rf_reg[271]$_DFFE_PN0P_
          (rising edge-triggered flip-flop clocked by core_clock)
Path Group: core_clock
Path Type: max

    Delay      Time   Description
-------------------------------------------------------------
   0.0000    0.0000   clock core_clock (rise edge)
   0.0000    0.0000   clock source latency
   0.0000    0.0000 ^ clk_i (in)
   0.1087    0.1087 ^ clkbuf_0_clk_i/X (sky130_fd_sc_hd__clkbuf_16)
   0.1048    0.2135 ^ clkbuf_1_0__f_clk_i/X (sky130_fd_sc_hd__clkbuf_16)
   0.1745    0.3880 ^ _17071_/X (sky130_fd_sc_hd__and2_0)
   0.2883    0.6763 ^ clkbuf_0__05563_/X (sky130_fd_sc_hd__clkbuf_16)
   0.2814    0.9577 ^ clkbuf_3_0_0__05563_/X (sky130_fd_sc_hd__clkbuf_16)
   0.2059    1.1636 ^ clkbuf_leaf_0__05563_/X (sky130_fd_sc_hd__clkbuf_16)
   0.0003    1.1639 ^ if_stage_i.instr_rdata_id_o[22]$_DFFE_PP_/CLK (sky130_fd_sc_hd__edfxtp_1)
   0.4201    1.5840 ^ if_stage_i.instr_rdata_id_o[22]$_DFFE_PP_/Q (sky130_fd_sc_hd__edfxtp_1)
   0.3221    1.9061 ^ place3317/X (sky130_fd_sc_hd__buf_12)
   0.6727    2.5788 v _14278_/X (sky130_fd_sc_hd__mux4_2)
   0.2407    2.8196 ^ _14281_/Y (sky130_fd_sc_hd__a22oi_1)
   0.5086    3.3281 v _14283_/Y (sky130_fd_sc_hd__nand3_1)
   0.5706    3.8987 ^ _14292_/Y (sky130_fd_sc_hd__nand2_1)
   0.2207    4.1193 ^ place3162/X (sky130_fd_sc_hd__buf_4)
   0.0478    4.1672 v _14293_/Y (sky130_fd_sc_hd__nor2_1)
   0.1875    4.3547 ^ _14294_/Y (sky130_fd_sc_hd__a21oi_2)
   0.3505    4.7051 ^ place2980/X (sky130_fd_sc_hd__buf_4)
   0.6271    5.3322 ^ _17174_/X (sky130_fd_sc_hd__and2_0)
   0.3771    5.7093 v _17226_/Y (sky130_fd_sc_hd__nand2_1)
   0.7181    6.4274 ^ _17227_/Y (sky130_fd_sc_hd__nor2_1)
   0.0868    6.5142 v _17265_/Y (sky130_fd_sc_hd__nor2_1)
   0.5787    7.0929 ^ _17266_/Y (sky130_fd_sc_hd__a2111oi_1)
   0.1405    7.2334 v _17271_/Y (sky130_fd_sc_hd__nor2_1)
   0.0925    7.3259 ^ _17284_/Y (sky130_fd_sc_hd__nand2_1)
   0.4135    7.7394 v _17285_/Y (sky130_fd_sc_hd__o21ai_1)
   0.5979    8.3373 ^ _17291_/Y (sky130_fd_sc_hd__a21boi_2)
   0.2562    8.5935 v _18653_/Y (sky130_fd_sc_hd__o311ai_2)
   0.2190    8.8124 ^ _18654_/Y (sky130_fd_sc_hd__o41ai_1)
   0.1145    8.9270 v _20147_/Y (sky130_fd_sc_hd__nand2_1)
   0.4110    9.3380 ^ _20148_/Y (sky130_fd_sc_hd__nor2_1)
   0.6895   10.0275 v _21384_/Y (sky130_fd_sc_hd__nand2_2)
   0.5684   10.5959 v place2397/X (sky130_fd_sc_hd__buf_4)
   0.1412   10.7371 ^ _21414_/Y (sky130_fd_sc_hd__nand2_1)
   0.0942   10.8313 v _21415_/Y (sky130_fd_sc_hd__o21ai_0)
   0.0001   10.8315 v gen_regfile_ff.register_file_i.rf_reg[271]$_DFFE_PN0P_/D (sky130_fd_sc_hd__dfrtp_1)
            10.8315   data arrival time

  10.0000   10.0000   clock core_clock (rise edge)
   0.0000   10.0000   clock source latency
   0.0000   10.0000 ^ clk_i (in)
   0.1218   10.1218 ^ delaybuf_0_core_clock/X (sky130_fd_sc_hd__clkbuf_16)
   0.1359   10.2577 ^ delaybuf_1_core_clock/X (sky130_fd_sc_hd__clkbuf_16)
   0.1183   10.3760 ^ clkbuf_regs_0_core_clock/X (sky130_fd_sc_hd__clkbuf_16)
   0.2458   10.6218 ^ clkbuf_0_clk_i_regs/X (sky130_fd_sc_hd__clkbuf_16)
   0.2916   10.9134 ^ clkbuf_3_4__f_clk_i_regs/X (sky130_fd_sc_hd__clkbuf_16)
   0.2057   11.1191 ^ clkbuf_leaf_10_clk_i_regs/X (sky130_fd_sc_hd__clkbuf_16)
   0.0008   11.1199 ^ gen_regfile_ff.register_file_i.rf_reg[271]$_DFFE_PN0P_/CLK (sky130_fd_sc_hd__dfrtp_1)
   0.0000   11.1199   clock reconvergence pessimism
  -0.1352   10.9847   library setup time
            10.9847   data required time
-------------------------------------------------------------
            10.9847   data required time
           -10.8315   data arrival time
-------------------------------------------------------------
             0.1533   slack (MET)


Startpoint: if_stage_i.instr_rdata_id_o[16]$_DFFE_PP_
            (rising edge-triggered flip-flop clocked by core_clock)
Endpoint: instr_addr_o[18] (output port clocked by vclk_core_clock)
Path Group: vclk_core_clock
Path Type: max

    Delay      Time   Description
-------------------------------------------------------------
   0.0000    0.0000   clock core_clock (rise edge)
   0.0000    0.0000   clock source latency
   0.0000    0.0000 ^ clk_i (in)
   0.1087    0.1087 ^ clkbuf_0_clk_i/X (sky130_fd_sc_hd__clkbuf_16)
   0.1048    0.2135 ^ clkbuf_1_0__f_clk_i/X (sky130_fd_sc_hd__clkbuf_16)
   0.1745    0.3880 ^ _17071_/X (sky130_fd_sc_hd__and2_0)
   0.2883    0.6763 ^ clkbuf_0__05563_/X (sky130_fd_sc_hd__clkbuf_16)
   0.2814    0.9577 ^ clkbuf_3_0_0__05563_/X (sky130_fd_sc_hd__clkbuf_16)
   0.2059    1.1636 ^ clkbuf_leaf_0__05563_/X (sky130_fd_sc_hd__clkbuf_16)
   0.0002    1.1638 ^ if_stage_i.instr_rdata_id_o[16]$_DFFE_PP_/CLK (sky130_fd_sc_hd__edfxtp_1)
   0.3879    1.5517 ^ if_stage_i.instr_rdata_id_o[16]$_DFFE_PP_/Q (sky130_fd_sc_hd__edfxtp_1)
   0.1569    1.7086 ^ rebuffer3452/X (sky130_fd_sc_hd__buf_12)
   0.3033    2.0119 ^ place3381/X (sky130_fd_sc_hd__buf_12)
   0.4406    2.4525 ^ place3380/X (sky130_fd_sc_hd__buf_4)
   0.2704    2.7230 ^ _21039_/Y (sky130_fd_sc_hd__mux2i_1)
   0.1178    2.8407 v _21069_/Y (sky130_fd_sc_hd__a22oi_1)
   0.1223    2.9630 ^ _21094_/Y (sky130_fd_sc_hd__nand3_1)
   0.4569    3.4199 v _21105_/Y (sky130_fd_sc_hd__nand3_1)
   0.4131    3.8330 ^ _21117_/Y (sky130_fd_sc_hd__nor2_1)
   0.3748    4.2078 ^ place2997/X (sky130_fd_sc_hd__buf_4)
   0.1188    4.3267 v _21164_/Y (sky130_fd_sc_hd__a21oi_1)
   0.2764    4.6031 ^ _21173_/Y (sky130_fd_sc_hd__a21oi_1)
   0.2680    4.8710 ^ place2905/X (sky130_fd_sc_hd__buf_4)
   0.1230    4.9940 v _21217_/Y (sky130_fd_sc_hd__a21oi_1)
   0.3266    5.3206 ^ alu_adder_result_ex\\ALU_33_0_33_0_33_unused_CO_X_Y[0]_HAN_CARLSON/_507_/Y (sky130_fd_sc_hd__xnor2_1)
   0.1921    5.5127 ^ alu_adder_result_ex\\ALU_33_0_33_0_33_unused_CO_X_Y[0]_HAN_CARLSON/place2786/X (sky130_fd_sc_hd__buf_4)
   0.0594    5.5721 v alu_adder_result_ex\\ALU_33_0_33_0_33_unused_CO_X_Y[0]_HAN_CARLSON/_513_/Y (sky130_fd_sc_hd__nor2_1)
   0.3834    5.9555 ^ alu_adder_result_ex\\ALU_33_0_33_0_33_unused_CO_X_Y[0]_HAN_CARLSON/_516_/Y (sky130_fd_sc_hd__a221oi_2)
   0.2455    6.2011 v alu_adder_result_ex\\ALU_33_0_33_0_33_unused_CO_X_Y[0]_HAN_CARLSON/_552_/Y (sky130_fd_sc_hd__o21ai_0)
   0.2332    6.4342 v alu_adder_result_ex\\ALU_33_0_33_0_33_unused_CO_X_Y[0]_HAN_CARLSON/_327_/X (sky130_fd_sc_hd__a21o_1)
   0.1580    6.5922 v alu_adder_result_ex\\ALU_33_0_33_0_33_unused_CO_X_Y[0]_HAN_CARLSON/place2689/X (sky130_fd_sc_hd__buf_4)
   0.3801    6.9722 ^ alu_adder_result_ex\\ALU_33_0_33_0_33_unused_CO_X_Y[0]_HAN_CARLSON/_331_/Y (sky130_fd_sc_hd__xnor2_4)
   0.3198    7.2921 ^ _18209_/X (sky130_fd_sc_hd__mux2_1)
   0.0780    7.3701 v _18210_/Y (sky130_fd_sc_hd__nand2_1)
   0.4676    7.8377 ^ _18212_/Y (sky130_fd_sc_hd__a31oi_1)
   0.2641    8.1018 ^ place2498/X (sky130_fd_sc_hd__buf_4)
   0.1597    8.2615 ^ _18437_/X (sky130_fd_sc_hd__mux2_1)
   0.1528    8.4143 ^ _18510_/X (sky130_fd_sc_hd__mux2_1)
   0.5121    8.9263 ^ output243/X (sky130_fd_sc_hd__clkdlybuf4s50_1)
   0.0002    8.9266 ^ instr_addr_o[18] (out)
             8.9266   data arrival time

  10.0000   10.0000   clock vclk_core_clock (rise edge)
   1.0950   11.0950   clock network delay (ideal)
   0.0000   11.0950   clock reconvergence pessimism
  -2.0000    9.0950   output external delay
             9.0950   data required time
-------------------------------------------------------------
             9.0950   data required time
            -8.9266   data arrival time
-------------------------------------------------------------
             0.1684   slack (MET)


Startpoint: if_stage_i.instr_rdata_id_o[16]$_DFFE_PP_
            (rising edge-triggered flip-flop clocked by core_clock)
Endpoint: instr_addr_o[28] (output port clocked by vclk_core_clock)
Path Group: vclk_core_clock
Path Type: max

    Delay      Time   Description
-------------------------------------------------------------
   0.0000    0.0000   clock core_clock (rise edge)
   0.0000    0.0000   clock source latency
   0.0000    0.0000 ^ clk_i (in)
   0.1087    0.1087 ^ clkbuf_0_clk_i/X (sky130_fd_sc_hd__clkbuf_16)
   0.1048    0.2135 ^ clkbuf_1_0__f_clk_i/X (sky130_fd_sc_hd__clkbuf_16)
   0.1745    0.3880 ^ _17071_/X (sky130_fd_sc_hd__and2_0)
   0.2883    0.6763 ^ clkbuf_0__05563_/X (sky130_fd_sc_hd__clkbuf_16)
   0.2814    0.9577 ^ clkbuf_3_0_0__05563_/X (sky130_fd_sc_hd__clkbuf_16)
   0.2059    1.1636 ^ clkbuf_leaf_0__05563_/X (sky130_fd_sc_hd__clkbuf_16)
   0.0002    1.1638 ^ if_stage_i.instr_rdata_id_o[16]$_DFFE_PP_/CLK (sky130_fd_sc_hd__edfxtp_1)
   0.3879    1.5517 ^ if_stage_i.instr_rdata_id_o[16]$_DFFE_PP_/Q (sky130_fd_sc_hd__edfxtp_1)
   0.1569    1.7086 ^ rebuffer3452/X (sky130_fd_sc_hd__buf_12)
   0.3033    2.0119 ^ place3381/X (sky130_fd_sc_hd__buf_12)
   0.4406    2.4525 ^ place3380/X (sky130_fd_sc_hd__buf_4)
   0.2704    2.7230 ^ _21039_/Y (sky130_fd_sc_hd__mux2i_1)
   0.1178    2.8407 v _21069_/Y (sky130_fd_sc_hd__a22oi_1)
   0.1223    2.9630 ^ _21094_/Y (sky130_fd_sc_hd__nand3_1)
   0.4569    3.4199 v _21105_/Y (sky130_fd_sc_hd__nand3_1)
   0.4131    3.8330 ^ _21117_/Y (sky130_fd_sc_hd__nor2_1)
   0.3748    4.2078 ^ place2997/X (sky130_fd_sc_hd__buf_4)
   0.1188    4.3267 v _21164_/Y (sky130_fd_sc_hd__a21oi_1)
   0.2764    4.6031 ^ _21173_/Y (sky130_fd_sc_hd__a21oi_1)
   0.2680    4.8710 ^ place2905/X (sky130_fd_sc_hd__buf_4)
   0.1230    4.9940 v _21217_/Y (sky130_fd_sc_hd__a21oi_1)
   0.3266    5.3206 ^ alu_adder_result_ex\\ALU_33_0_33_0_33_unused_CO_X_Y[0]_HAN_CARLSON/_507_/Y (sky130_fd_sc_hd__xnor2_1)
   0.2427    5.5633 v alu_adder_result_ex\\ALU_33_0_33_0_33_unused_CO_X_Y[0]_HAN_CARLSON/_515_/Y (sky130_fd_sc_hd__o21ai_0)
   0.2557    5.8190 ^ alu_adder_result_ex\\ALU_33_0_33_0_33_unused_CO_X_Y[0]_HAN_CARLSON/_532_/Y (sky130_fd_sc_hd__a21oi_1)
   0.1569    5.9759 v alu_adder_result_ex\\ALU_33_0_33_0_33_unused_CO_X_Y[0]_HAN_CARLSON/_576_/Y (sky130_fd_sc_hd__o221ai_1)
   0.1703    6.1461 v alu_adder_result_ex\\ALU_33_0_33_0_33_unused_CO_X_Y[0]_HAN_CARLSON/place2715/X (sky130_fd_sc_hd__buf_4)
   0.1925    6.3386 ^ alu_adder_result_ex\\ALU_33_0_33_0_33_unused_CO_X_Y[0]_HAN_CARLSON/_349_/Y (sky130_fd_sc_hd__a21oi_1)
   0.1157    6.4543 v alu_adder_result_ex\\ALU_33_0_33_0_33_unused_CO_X_Y[0]_HAN_CARLSON/_444_/Y (sky130_fd_sc_hd__o31ai_1)
   0.1517    6.6060 v alu_adder_result_ex\\ALU_33_0_33_0_33_unused_CO_X_Y[0]_HAN_CARLSON/place2623/X (sky130_fd_sc_hd__buf_4)
   0.5418    7.1479 ^ alu_adder_result_ex\\ALU_33_0_33_0_33_unused_CO_X_Y[0]_HAN_CARLSON/_448_/Y (sky130_fd_sc_hd__xnor2_2)
   0.3058    7.4537 v _18294_/Y (sky130_fd_sc_hd__mux2i_1)
   0.3209    7.7746 ^ _18295_/Y (sky130_fd_sc_hd__o2111ai_1)
   0.3341    8.1087 v _18298_/Y (sky130_fd_sc_hd__o211ai_1)
   0.1780    8.2866 ^ _18480_/Y (sky130_fd_sc_hd__nand2_1)
   0.1607    8.4473 ^ _18522_/X (sky130_fd_sc_hd__mux2_1)
   0.4775    8.9248 ^ output253/X (sky130_fd_sc_hd__clkdlybuf4s50_1)
   0.0001    8.9249 ^ instr_addr_o[28] (out)
             8.9249   data arrival time

  10.0000   10.0000   clock vclk_core_clock (rise edge)
   1.0950   11.0950   clock network delay (ideal)
   0.0000   11.0950   clock reconvergence pessimism
  -2.0000    9.0950   output external delay
             9.0950   data required time
-------------------------------------------------------------
             9.0950   data required time
            -8.9249   data arrival time
-------------------------------------------------------------
             0.1701   slack (MET)


Startpoint: if_stage_i.instr_rdata_id_o[16]$_DFFE_PP_
            (rising edge-triggered flip-flop clocked by core_clock)
Endpoint: instr_addr_o[30] (output port clocked by vclk_core_clock)
Path Group: vclk_core_clock
Path Type: max

    Delay      Time   Description
-------------------------------------------------------------
   0.0000    0.0000   clock core_clock (rise edge)
   0.0000    0.0000   clock source latency
   0.0000    0.0000 ^ clk_i (in)
   0.1087    0.1087 ^ clkbuf_0_clk_i/X (sky130_fd_sc_hd__clkbuf_16)
   0.1048    0.2135 ^ clkbuf_1_0__f_clk_i/X (sky130_fd_sc_hd__clkbuf_16)
   0.1745    0.3880 ^ _17071_/X (sky130_fd_sc_hd__and2_0)
   0.2883    0.6763 ^ clkbuf_0__05563_/X (sky130_fd_sc_hd__clkbuf_16)
   0.2814    0.9577 ^ clkbuf_3_0_0__05563_/X (sky130_fd_sc_hd__clkbuf_16)
   0.2059    1.1636 ^ clkbuf_leaf_0__05563_/X (sky130_fd_sc_hd__clkbuf_16)
   0.0002    1.1638 ^ if_stage_i.instr_rdata_id_o[16]$_DFFE_PP_/CLK (sky130_fd_sc_hd__edfxtp_1)
   0.3879    1.5517 ^ if_stage_i.instr_rdata_id_o[16]$_DFFE_PP_/Q (sky130_fd_sc_hd__edfxtp_1)
   0.1569    1.7086 ^ rebuffer3452/X (sky130_fd_sc_hd__buf_12)
   0.3033    2.0119 ^ place3381/X (sky130_fd_sc_hd__buf_12)
   0.4406    2.4525 ^ place3380/X (sky130_fd_sc_hd__buf_4)
   0.2704    2.7230 ^ _21039_/Y (sky130_fd_sc_hd__mux2i_1)
   0.1178    2.8407 v _21069_/Y (sky130_fd_sc_hd__a22oi_1)
   0.1223    2.9630 ^ _21094_/Y (sky130_fd_sc_hd__nand3_1)
   0.4569    3.4199 v _21105_/Y (sky130_fd_sc_hd__nand3_1)
   0.4131    3.8330 ^ _21117_/Y (sky130_fd_sc_hd__nor2_1)
   0.3748    4.2078 ^ place2997/X (sky130_fd_sc_hd__buf_4)
   0.1188    4.3267 v _21164_/Y (sky130_fd_sc_hd__a21oi_1)
   0.2764    4.6031 ^ _21173_/Y (sky130_fd_sc_hd__a21oi_1)
   0.2680    4.8710 ^ place2905/X (sky130_fd_sc_hd__buf_4)
   0.1230    4.9940 v _21217_/Y (sky130_fd_sc_hd__a21oi_1)
   0.3266    5.3206 ^ alu_adder_result_ex\\ALU_33_0_33_0_33_unused_CO_X_Y[0]_HAN_CARLSON/_507_/Y (sky130_fd_sc_hd__xnor2_1)
   0.1921    5.5127 ^ alu_adder_result_ex\\ALU_33_0_33_0_33_unused_CO_X_Y[0]_HAN_CARLSON/place2786/X (sky130_fd_sc_hd__buf_4)
   0.0594    5.5721 v alu_adder_result_ex\\ALU_33_0_33_0_33_unused_CO_X_Y[0]_HAN_CARLSON/_513_/Y (sky130_fd_sc_hd__nor2_1)
   0.3834    5.9555 ^ alu_adder_result_ex\\ALU_33_0_33_0_33_unused_CO_X_Y[0]_HAN_CARLSON/_516_/Y (sky130_fd_sc_hd__a221oi_2)
   0.2239    6.1794 v alu_adder_result_ex\\ALU_33_0_33_0_33_unused_CO_X_Y[0]_HAN_CARLSON/_286_/Y (sky130_fd_sc_hd__o221ai_1)
   0.2448    6.4243 ^ alu_adder_result_ex\\ALU_33_0_33_0_33_unused_CO_X_Y[0]_HAN_CARLSON/_373_/Y (sky130_fd_sc_hd__a21oi_1)
   0.1099    6.5342 v alu_adder_result_ex\\ALU_33_0_33_0_33_unused_CO_X_Y[0]_HAN_CARLSON/_466_/Y (sky130_fd_sc_hd__o31ai_1)
   0.1461    6.6803 v alu_adder_result_ex\\ALU_33_0_33_0_33_unused_CO_X_Y[0]_HAN_CARLSON/place2621/X (sky130_fd_sc_hd__buf_4)
   0.7781    7.4584 ^ alu_adder_result_ex\\ALU_33_0_33_0_33_unused_CO_X_Y[0]_HAN_CARLSON/_471_/Y (sky130_fd_sc_hd__xnor2_2)
   0.1232    7.5816 v _18308_/Y (sky130_fd_sc_hd__nand2_1)
   0.1792    7.7608 ^ _18310_/Y (sky130_fd_sc_hd__a21oi_1)
   0.0698    7.8306 v _18311_/Y (sky130_fd_sc_hd__a221oi_1)
   0.0954    7.9261 ^ _18312_/Y (sky130_fd_sc_hd__nand2_1)
   0.1920    8.1181 v _18314_/Y (sky130_fd_sc_hd__o211ai_1)
   0.1662    8.2842 ^ _18488_/Y (sky130_fd_sc_hd__nand2_1)
   0.1735    8.4577 ^ _18524_/X (sky130_fd_sc_hd__mux2_1)
   0.4668    8.9245 ^ output256/X (sky130_fd_sc_hd__clkdlybuf4s50_1)
   0.0000    8.9245 ^ instr_addr_o[30] (out)
             8.9245   data arrival time

  10.0000   10.0000   clock vclk_core_clock (rise edge)
   1.0950   11.0950   clock network delay (ideal)
   0.0000   11.0950   clock reconvergence pessimism
  -2.0000    9.0950   output external delay
             9.0950   data required time
-------------------------------------------------------------
             9.0950   data required time
            -8.9245   data arrival time
-------------------------------------------------------------
             0.1705   slack (MET)


Startpoint: if_stage_i.instr_rdata_id_o[20]$_DFFE_PP_
            (rising edge-triggered flip-flop clocked by core_clock)
Endpoint: instr_addr_o[24] (output port clocked by vclk_core_clock)
Path Group: vclk_core_clock
Path Type: max

    Delay      Time   Description
-------------------------------------------------------------
   0.0000    0.0000   clock core_clock (rise edge)
   0.0000    0.0000   clock source latency
   0.0000    0.0000 ^ clk_i (in)
   0.1087    0.1087 ^ clkbuf_0_clk_i/X (sky130_fd_sc_hd__clkbuf_16)
   0.1048    0.2135 ^ clkbuf_1_0__f_clk_i/X (sky130_fd_sc_hd__clkbuf_16)
   0.1745    0.3880 ^ _17071_/X (sky130_fd_sc_hd__and2_0)
   0.2883    0.6763 ^ clkbuf_0__05563_/X (sky130_fd_sc_hd__clkbuf_16)
   0.2814    0.9577 ^ clkbuf_3_0_0__05563_/X (sky130_fd_sc_hd__clkbuf_16)
   0.2037    1.1614 ^ clkbuf_leaf_2__05563_/X (sky130_fd_sc_hd__clkbuf_16)
   0.0018    1.1632 ^ if_stage_i.instr_rdata_id_o[20]$_DFFE_PP_/CLK (sky130_fd_sc_hd__edfxtp_1)
   0.4190    1.5822 v if_stage_i.instr_rdata_id_o[20]$_DFFE_PP_/Q (sky130_fd_sc_hd__edfxtp_1)
   0.2045    1.7866 v place3357/X (sky130_fd_sc_hd__buf_12)
   0.3697    2.1563 ^ _14167_/Y (sky130_fd_sc_hd__nor2b_4)
   0.4838    2.6402 ^ place3287/X (sky130_fd_sc_hd__buf_4)
   0.2339    2.8741 v _14290_/Y (sky130_fd_sc_hd__a221oi_1)
   0.4087    3.2828 ^ _14291_/Y (sky130_fd_sc_hd__o31ai_1)
   0.2984    3.5812 ^ place3208/X (sky130_fd_sc_hd__buf_4)
   0.3141    3.8953 v _14292_/Y (sky130_fd_sc_hd__nand2_1)
   0.5960    4.4913 ^ _14297_/Y (sky130_fd_sc_hd__a221oi_1)
   0.2297    4.7209 v _14298_/Y (sky130_fd_sc_hd__o221ai_1)
   0.2271    4.9480 v alu_adder_result_ex\\ALU_33_0_33_0_33_unused_CO_X_Y[0]_HAN_CARLSON/_494_/X (sky130_fd_sc_hd__xor2_1)
   0.1999    5.1479 v alu_adder_result_ex\\ALU_33_0_33_0_33_unused_CO_X_Y[0]_HAN_CARLSON/_496_/Y (sky130_fd_sc_hd__xnor2_1)
   0.3909    5.5388 ^ alu_adder_result_ex\\ALU_33_0_33_0_33_unused_CO_X_Y[0]_HAN_CARLSON/_498_/Y (sky130_fd_sc_hd__o21ai_0)
   0.1438    5.6826 v alu_adder_result_ex\\ALU_33_0_33_0_33_unused_CO_X_Y[0]_HAN_CARLSON/_500_/Y (sky130_fd_sc_hd__a21oi_1)
   0.1714    5.8540 v alu_adder_result_ex\\ALU_33_0_33_0_33_unused_CO_X_Y[0]_HAN_CARLSON/place2740/X (sky130_fd_sc_hd__buf_4)
   0.2905    6.1445 ^ alu_adder_result_ex\\ALU_33_0_33_0_33_unused_CO_X_Y[0]_HAN_CARLSON/_534_/Y (sky130_fd_sc_hd__o21ai_0)
   0.2055    6.3501 ^ alu_adder_result_ex\\ALU_33_0_33_0_33_unused_CO_X_Y[0]_HAN_CARLSON/_305_/X (sky130_fd_sc_hd__a21o_1)
   0.0833    6.4333 v alu_adder_result_ex\\ALU_33_0_33_0_33_unused_CO_X_Y[0]_HAN_CARLSON/_397_/Y (sky130_fd_sc_hd__a21oi_1)
   0.1973    6.6306 v alu_adder_result_ex\\ALU_33_0_33_0_33_unused_CO_X_Y[0]_HAN_CARLSON/_402_/X (sky130_fd_sc_hd__xor2_1)
   0.1801    6.8107 v place2571/X (sky130_fd_sc_hd__buf_12)
   0.0552    6.8659 ^ _18258_/Y (sky130_fd_sc_hd__nand2_1)
   0.0874    6.9534 v _18260_/Y (sky130_fd_sc_hd__a21oi_1)
   0.4824    7.4358 ^ _18262_/Y (sky130_fd_sc_hd__a221oi_1)
   0.1053    7.5410 v _18263_/Y (sky130_fd_sc_hd__nand2_1)
   0.3001    7.8411 ^ _18266_/Y (sky130_fd_sc_hd__o211ai_1)
   0.2438    8.0849 ^ place2413/X (sky130_fd_sc_hd__buf_4)
   0.0707    8.1556 v _18463_/Y (sky130_fd_sc_hd__nand2_1)
   0.3101    8.4657 v _18517_/X (sky130_fd_sc_hd__mux2_1)
   0.4501    8.9158 v output249/X (sky130_fd_sc_hd__clkdlybuf4s50_1)
   0.0002    8.9160 v instr_addr_o[24] (out)
             8.9160   data arrival time

  10.0000   10.0000   clock vclk_core_clock (rise edge)
   1.0950   11.0950   clock network delay (ideal)
   0.0000   11.0950   clock reconvergence pessimism
  -2.0000    9.0950   output external delay
             9.0950   data required time
-------------------------------------------------------------
             9.0950   data required time
            -8.9160   data arrival time
-------------------------------------------------------------
             0.1790   slack (MET)


Startpoint: if_stage_i.instr_rdata_id_o[16]$_DFFE_PP_
            (rising edge-triggered flip-flop clocked by core_clock)
Endpoint: instr_addr_o[22] (output port clocked by vclk_core_clock)
Path Group: vclk_core_clock
Path Type: max

    Delay      Time   Description
-------------------------------------------------------------
   0.0000    0.0000   clock core_clock (rise edge)
   0.0000    0.0000   clock source latency
   0.0000    0.0000 ^ clk_i (in)
   0.1087    0.1087 ^ clkbuf_0_clk_i/X (sky130_fd_sc_hd__clkbuf_16)
   0.1048    0.2135 ^ clkbuf_1_0__f_clk_i/X (sky130_fd_sc_hd__clkbuf_16)
   0.1745    0.3880 ^ _17071_/X (sky130_fd_sc_hd__and2_0)
   0.2883    0.6763 ^ clkbuf_0__05563_/X (sky130_fd_sc_hd__clkbuf_16)
   0.2814    0.9577 ^ clkbuf_3_0_0__05563_/X (sky130_fd_sc_hd__clkbuf_16)
   0.2059    1.1636 ^ clkbuf_leaf_0__05563_/X (sky130_fd_sc_hd__clkbuf_16)
   0.0002    1.1638 ^ if_stage_i.instr_rdata_id_o[16]$_DFFE_PP_/CLK (sky130_fd_sc_hd__edfxtp_1)
   0.3879    1.5517 ^ if_stage_i.instr_rdata_id_o[16]$_DFFE_PP_/Q (sky130_fd_sc_hd__edfxtp_1)
   0.1569    1.7086 ^ rebuffer3452/X (sky130_fd_sc_hd__buf_12)
   0.3033    2.0119 ^ place3381/X (sky130_fd_sc_hd__buf_12)
   0.4406    2.4525 ^ place3380/X (sky130_fd_sc_hd__buf_4)
   0.2704    2.7230 ^ _21039_/Y (sky130_fd_sc_hd__mux2i_1)
   0.1178    2.8407 v _21069_/Y (sky130_fd_sc_hd__a22oi_1)
   0.1223    2.9630 ^ _21094_/Y (sky130_fd_sc_hd__nand3_1)
   0.4569    3.4199 v _21105_/Y (sky130_fd_sc_hd__nand3_1)
   0.4131    3.8330 ^ _21117_/Y (sky130_fd_sc_hd__nor2_1)
   0.3748    4.2078 ^ place2997/X (sky130_fd_sc_hd__buf_4)
   0.1188    4.3267 v _21164_/Y (sky130_fd_sc_hd__a21oi_1)
   0.2764    4.6031 ^ _21173_/Y (sky130_fd_sc_hd__a21oi_1)
   0.2680    4.8710 ^ place2905/X (sky130_fd_sc_hd__buf_4)
   0.1230    4.9940 v _21217_/Y (sky130_fd_sc_hd__a21oi_1)
   0.3266    5.3206 ^ alu_adder_result_ex\\ALU_33_0_33_0_33_unused_CO_X_Y[0]_HAN_CARLSON/_507_/Y (sky130_fd_sc_hd__xnor2_1)
   0.1921    5.5127 ^ alu_adder_result_ex\\ALU_33_0_33_0_33_unused_CO_X_Y[0]_HAN_CARLSON/place2786/X (sky130_fd_sc_hd__buf_4)
   0.0594    5.5721 v alu_adder_result_ex\\ALU_33_0_33_0_33_unused_CO_X_Y[0]_HAN_CARLSON/_513_/Y (sky130_fd_sc_hd__nor2_1)
   0.3834    5.9555 ^ alu_adder_result_ex\\ALU_33_0_33_0_33_unused_CO_X_Y[0]_HAN_CARLSON/_516_/Y (sky130_fd_sc_hd__a221oi_2)
   0.2239    6.1794 v alu_adder_result_ex\\ALU_33_0_33_0_33_unused_CO_X_Y[0]_HAN_CARLSON/_286_/Y (sky130_fd_sc_hd__o221ai_1)
   0.2448    6.4243 ^ alu_adder_result_ex\\ALU_33_0_33_0_33_unused_CO_X_Y[0]_HAN_CARLSON/_373_/Y (sky130_fd_sc_hd__a21oi_1)
   0.1605    6.5848 ^ alu_adder_result_ex\\ALU_33_0_33_0_33_unused_CO_X_Y[0]_HAN_CARLSON/place2687/X (sky130_fd_sc_hd__buf_4)
   0.1428    6.7275 ^ alu_adder_result_ex\\ALU_33_0_33_0_33_unused_CO_X_Y[0]_HAN_CARLSON/_378_/X (sky130_fd_sc_hd__xor2_2)
   0.1819    6.9094 ^ place2627/X (sky130_fd_sc_hd__buf_4)
   0.0598    6.9692 v _18241_/Y (sky130_fd_sc_hd__nand2_1)
   0.2574    7.2266 ^ _18243_/Y (sky130_fd_sc_hd__a21oi_1)
   0.0846    7.3112 v _18244_/Y (sky130_fd_sc_hd__a221oi_1)
   0.2288    7.5399 v place2495/X (sky130_fd_sc_hd__buf_4)
   0.0617    7.6016 ^ _18245_/Y (sky130_fd_sc_hd__nand2_1)
   0.2880    7.8896 v _18247_/Y (sky130_fd_sc_hd__o211ai_1)
   0.2751    8.1647 v place2447/X (sky130_fd_sc_hd__buf_4)
   0.0787    8.2434 ^ _18456_/Y (sky130_fd_sc_hd__nand2_1)
   0.1667    8.4101 ^ _18515_/X (sky130_fd_sc_hd__mux2_1)
   0.4863    8.8964 ^ output247/X (sky130_fd_sc_hd__clkdlybuf4s50_1)
   0.0001    8.8965 ^ instr_addr_o[22] (out)
             8.8965   data arrival time

  10.0000   10.0000   clock vclk_core_clock (rise edge)
   1.0950   11.0950   clock network delay (ideal)
   0.0000   11.0950   clock reconvergence pessimism
  -2.0000    9.0950   output external delay
             9.0950   data required time
-------------------------------------------------------------
             9.0950   data required time
            -8.8965   data arrival time
-------------------------------------------------------------
             0.1985   slack (MET)


Startpoint: core_clock_gate_i.en_latch$_DLATCH_N_
            (negative level-sensitive latch clocked by core_clock)
Endpoint: _17071_ (rising clock gating-check end-point clocked by core_clock)
Path Group: gated clock
Path Type: max

    Delay      Time   Description
-------------------------------------------------------------
   5.0000    5.0000   clock core_clock (fall edge)
   0.0000    5.0000   clock source latency
   0.0000    5.0000 v clk_i (in)
   0.1377    5.1377 v delaybuf_0_core_clock/X (sky130_fd_sc_hd__clkbuf_16)
   0.1513    5.2890 v delaybuf_1_core_clock/X (sky130_fd_sc_hd__clkbuf_16)
   0.1365    5.4255 v clkbuf_regs_0_core_clock/X (sky130_fd_sc_hd__clkbuf_16)
   0.2220    5.6475 v clkbuf_0_clk_i_regs/X (sky130_fd_sc_hd__clkbuf_16)
   0.2661    5.9137 v clkbuf_3_5__f_clk_i_regs/X (sky130_fd_sc_hd__clkbuf_16)
   0.1970    6.1106 v clkbuf_leaf_28_clk_i_regs/X (sky130_fd_sc_hd__clkbuf_16)
   0.0016    6.1123 v core_clock_gate_i.en_latch$_DLATCH_N_/GATE_N (sky130_fd_sc_hd__dlxtn_1)
   0.7707    6.8829 ^ core_clock_gate_i.en_latch$_DLATCH_N_/Q (sky130_fd_sc_hd__dlxtn_1)
   0.0042    6.8871 ^ _17071_/B (sky130_fd_sc_hd__and2_0)
             6.8871   data arrival time

  10.0000   10.0000   clock core_clock (rise edge)
   0.0000   10.0000   clock source latency
   0.0000   10.0000 ^ clk_i (in)
   0.1087   10.1087 ^ clkbuf_0_clk_i/X (sky130_fd_sc_hd__clkbuf_16)
   0.1048   10.2135 ^ clkbuf_1_0__f_clk_i/X (sky130_fd_sc_hd__clkbuf_16)
   0.0001   10.2136 ^ _17071_/A (sky130_fd_sc_hd__and2_0)
   0.0000   10.2136   clock reconvergence pessimism
   0.0000   10.2136   clock gating setup time
            10.2136   data required time
-------------------------------------------------------------
            10.2136   data required time
            -6.8871   data arrival time
-------------------------------------------------------------
             3.3265   slack (MET)


Startpoint: rst_ni (input port clocked by vclk_core_clock)
Endpoint: gen_regfile_ff.register_file_i.rf_reg[442]$_DFFE_PN0P_
          (recovery check against rising-edge clock core_clock)
Path Group: asynchronous
Path Type: max

    Delay      Time   Description
-------------------------------------------------------------
   0.0000    0.0000   clock vclk_core_clock (rise edge)
   1.0950    1.0950   clock network delay (ideal)
   2.0000    3.0950 ^ input external delay
   0.0000    3.0950 ^ rst_ni (in)
   0.3288    3.4238 ^ input164/X (sky130_fd_sc_hd__buf_16)
   0.7366    4.1604 ^ place3437/X (sky130_fd_sc_hd__buf_12)
   1.1058    5.2662 ^ place3435/X (sky130_fd_sc_hd__buf_4)
   0.0190    5.2853 ^ gen_regfile_ff.register_file_i.rf_reg[442]$_DFFE_PN0P_/RESET_B (sky130_fd_sc_hd__dfrtp_1)
             5.2853   data arrival time

  10.0000   10.0000   clock core_clock (rise edge)
   0.0000   10.0000   clock source latency
   0.0000   10.0000 ^ clk_i (in)
   0.1218   10.1218 ^ delaybuf_0_core_clock/X (sky130_fd_sc_hd__clkbuf_16)
   0.1359   10.2577 ^ delaybuf_1_core_clock/X (sky130_fd_sc_hd__clkbuf_16)
   0.1183   10.3760 ^ clkbuf_regs_0_core_clock/X (sky130_fd_sc_hd__clkbuf_16)
   0.2458   10.6218 ^ clkbuf_0_clk_i_regs/X (sky130_fd_sc_hd__clkbuf_16)
   0.2994   10.9212 ^ clkbuf_3_5__f_clk_i_regs/X (sky130_fd_sc_hd__clkbuf_16)
   0.2024   11.1236 ^ clkbuf_leaf_21_clk_i_regs/X (sky130_fd_sc_hd__clkbuf_16)
   0.0014   11.1251 ^ gen_regfile_ff.register_file_i.rf_reg[442]$_DFFE_PN0P_/CLK (sky130_fd_sc_hd__dfrtp_1)
   0.0000   11.1251   clock reconvergence pessimism
   0.0093   11.1344   library recovery time
            11.1344   data required time
-------------------------------------------------------------
            11.1344   data required time
            -5.2853   data arrival time
-------------------------------------------------------------
             5.8491   slack (MET)


Startpoint: rst_ni (input port clocked by vclk_core_clock)
Endpoint: gen_regfile_ff.register_file_i.rf_reg[698]$_DFFE_PN0P_
          (recovery check against rising-edge clock core_clock)
Path Group: asynchronous
Path Type: max

    Delay      Time   Description
-------------------------------------------------------------
   0.0000    0.0000   clock vclk_core_clock (rise edge)
   1.0950    1.0950   clock network delay (ideal)
   2.0000    3.0950 ^ input external delay
   0.0000    3.0950 ^ rst_ni (in)
   0.3288    3.4238 ^ input164/X (sky130_fd_sc_hd__buf_16)
   0.7366    4.1604 ^ place3437/X (sky130_fd_sc_hd__buf_12)
   1.1058    5.2662 ^ place3435/X (sky130_fd_sc_hd__buf_4)
   0.0190    5.2852 ^ gen_regfile_ff.register_file_i.rf_reg[698]$_DFFE_PN0P_/RESET_B (sky130_fd_sc_hd__dfrtp_1)
             5.2852   data arrival time

  10.0000   10.0000   clock core_clock (rise edge)
   0.0000   10.0000   clock source latency
   0.0000   10.0000 ^ clk_i (in)
   0.1218   10.1218 ^ delaybuf_0_core_clock/X (sky130_fd_sc_hd__clkbuf_16)
   0.1359   10.2577 ^ delaybuf_1_core_clock/X (sky130_fd_sc_hd__clkbuf_16)
   0.1183   10.3760 ^ clkbuf_regs_0_core_clock/X (sky130_fd_sc_hd__clkbuf_16)
   0.2458   10.6218 ^ clkbuf_0_clk_i_regs/X (sky130_fd_sc_hd__clkbuf_16)
   0.2994   10.9212 ^ clkbuf_3_5__f_clk_i_regs/X (sky130_fd_sc_hd__clkbuf_16)
   0.2024   11.1236 ^ clkbuf_leaf_21_clk_i_regs/X (sky130_fd_sc_hd__clkbuf_16)
   0.0014   11.1250 ^ gen_regfile_ff.register_file_i.rf_reg[698]$_DFFE_PN0P_/CLK (sky130_fd_sc_hd__dfrtp_1)
   0.0000   11.1250   clock reconvergence pessimism
   0.0093   11.1343   library recovery time
            11.1343   data required time
-------------------------------------------------------------
            11.1343   data required time
            -5.2852   data arrival time
-------------------------------------------------------------
             5.8491   slack (MET)


Startpoint: rst_ni (input port clocked by vclk_core_clock)
Endpoint: gen_regfile_ff.register_file_i.rf_reg[474]$_DFFE_PN0P_
          (recovery check against rising-edge clock core_clock)
Path Group: asynchronous
Path Type: max

    Delay      Time   Description
-------------------------------------------------------------
   0.0000    0.0000   clock vclk_core_clock (rise edge)
   1.0950    1.0950   clock network delay (ideal)
   2.0000    3.0950 ^ input external delay
   0.0000    3.0950 ^ rst_ni (in)
   0.3288    3.4238 ^ input164/X (sky130_fd_sc_hd__buf_16)
   0.7366    4.1604 ^ place3437/X (sky130_fd_sc_hd__buf_12)
   1.1058    5.2662 ^ place3435/X (sky130_fd_sc_hd__buf_4)
   0.0187    5.2849 ^ gen_regfile_ff.register_file_i.rf_reg[474]$_DFFE_PN0P_/RESET_B (sky130_fd_sc_hd__dfrtp_1)
             5.2849   data arrival time

  10.0000   10.0000   clock core_clock (rise edge)
   0.0000   10.0000   clock source latency
   0.0000   10.0000 ^ clk_i (in)
   0.1218   10.1218 ^ delaybuf_0_core_clock/X (sky130_fd_sc_hd__clkbuf_16)
   0.1359   10.2577 ^ delaybuf_1_core_clock/X (sky130_fd_sc_hd__clkbuf_16)
   0.1183   10.3760 ^ clkbuf_regs_0_core_clock/X (sky130_fd_sc_hd__clkbuf_16)
   0.2458   10.6218 ^ clkbuf_0_clk_i_regs/X (sky130_fd_sc_hd__clkbuf_16)
   0.2994   10.9212 ^ clkbuf_3_5__f_clk_i_regs/X (sky130_fd_sc_hd__clkbuf_16)
   0.2024   11.1236 ^ clkbuf_leaf_21_clk_i_regs/X (sky130_fd_sc_hd__clkbuf_16)
   0.0013   11.1250 ^ gen_regfile_ff.register_file_i.rf_reg[474]$_DFFE_PN0P_/CLK (sky130_fd_sc_hd__dfrtp_1)
   0.0000   11.1250   clock reconvergence pessimism
   0.0093   11.1343   library recovery time
            11.1343   data required time
-------------------------------------------------------------
            11.1343   data required time
            -5.2849   data arrival time
-------------------------------------------------------------
             5.8494   slack (MET)


Startpoint: rst_ni (input port clocked by vclk_core_clock)
Endpoint: gen_regfile_ff.register_file_i.rf_reg[890]$_DFFE_PN0P_
          (recovery check against rising-edge clock core_clock)
Path Group: asynchronous
Path Type: max

    Delay      Time   Description
-------------------------------------------------------------
   0.0000    0.0000   clock vclk_core_clock (rise edge)
   1.0950    1.0950   clock network delay (ideal)
   2.0000    3.0950 ^ input external delay
   0.0000    3.0950 ^ rst_ni (in)
   0.3288    3.4238 ^ input164/X (sky130_fd_sc_hd__buf_16)
   0.7366    4.1604 ^ place3437/X (sky130_fd_sc_hd__buf_12)
   1.1058    5.2662 ^ place3435/X (sky130_fd_sc_hd__buf_4)
   0.0175    5.2837 ^ gen_regfile_ff.register_file_i.rf_reg[890]$_DFFE_PN0P_/RESET_B (sky130_fd_sc_hd__dfrtp_1)
             5.2837   data arrival time

  10.0000   10.0000   clock core_clock (rise edge)
   0.0000   10.0000   clock source latency
   0.0000   10.0000 ^ clk_i (in)
   0.1218   10.1218 ^ delaybuf_0_core_clock/X (sky130_fd_sc_hd__clkbuf_16)
   0.1359   10.2577 ^ delaybuf_1_core_clock/X (sky130_fd_sc_hd__clkbuf_16)
   0.1183   10.3760 ^ clkbuf_regs_0_core_clock/X (sky130_fd_sc_hd__clkbuf_16)
   0.2458   10.6218 ^ clkbuf_0_clk_i_regs/X (sky130_fd_sc_hd__clkbuf_16)
   0.2994   10.9212 ^ clkbuf_3_5__f_clk_i_regs/X (sky130_fd_sc_hd__clkbuf_16)
   0.2024   11.1236 ^ clkbuf_leaf_21_clk_i_regs/X (sky130_fd_sc_hd__clkbuf_16)
   0.0002   11.1238 ^ gen_regfile_ff.register_file_i.rf_reg[890]$_DFFE_PN0P_/CLK (sky130_fd_sc_hd__dfrtp_1)
   0.0000   11.1238   clock reconvergence pessimism
   0.0093   11.1331   library recovery time
            11.1331   data required time
-------------------------------------------------------------
            11.1331   data required time
            -5.2837   data arrival time
-------------------------------------------------------------
             5.8495   slack (MET)


Startpoint: rst_ni (input port clocked by vclk_core_clock)
Endpoint: gen_regfile_ff.register_file_i.rf_reg[762]$_DFFE_PN0P_
          (recovery check against rising-edge clock core_clock)
Path Group: asynchronous
Path Type: max

    Delay      Time   Description
-------------------------------------------------------------
   0.0000    0.0000   clock vclk_core_clock (rise edge)
   1.0950    1.0950   clock network delay (ideal)
   2.0000    3.0950 ^ input external delay
   0.0000    3.0950 ^ rst_ni (in)
   0.3288    3.4238 ^ input164/X (sky130_fd_sc_hd__buf_16)
   0.7366    4.1604 ^ place3437/X (sky130_fd_sc_hd__buf_12)
   1.1058    5.2662 ^ place3435/X (sky130_fd_sc_hd__buf_4)
   0.0183    5.2845 ^ gen_regfile_ff.register_file_i.rf_reg[762]$_DFFE_PN0P_/RESET_B (sky130_fd_sc_hd__dfrtp_1)
             5.2845   data arrival time

  10.0000   10.0000   clock core_clock (rise edge)
   0.0000   10.0000   clock source latency
   0.0000   10.0000 ^ clk_i (in)
   0.1218   10.1218 ^ delaybuf_0_core_clock/X (sky130_fd_sc_hd__clkbuf_16)
   0.1359   10.2577 ^ delaybuf_1_core_clock/X (sky130_fd_sc_hd__clkbuf_16)
   0.1183   10.3760 ^ clkbuf_regs_0_core_clock/X (sky130_fd_sc_hd__clkbuf_16)
   0.2458   10.6218 ^ clkbuf_0_clk_i_regs/X (sky130_fd_sc_hd__clkbuf_16)
   0.2994   10.9212 ^ clkbuf_3_5__f_clk_i_regs/X (sky130_fd_sc_hd__clkbuf_16)
   0.2024   11.1236 ^ clkbuf_leaf_21_clk_i_regs/X (sky130_fd_sc_hd__clkbuf_16)
   0.0012   11.1249 ^ gen_regfile_ff.register_file_i.rf_reg[762]$_DFFE_PN0P_/CLK (sky130_fd_sc_hd__dfrtp_1)
   0.0000   11.1249   clock reconvergence pessimism
   0.0093   11.1342   library recovery time
            11.1342   data required time
-------------------------------------------------------------
            11.1342   data required time
            -5.2845   data arrival time
-------------------------------------------------------------
             5.8496   slack (MET)



########## hold: 5 worst paths ##########
[WARNING STA-0503] report_checks -group_count is deprecated. Use -group_path_count instead.
Startpoint: id_stage_i.controller_i.ctrl_fsm_cs[0]$_DFF_PN1_
            (rising edge-triggered flip-flop clocked by core_clock)
Endpoint: id_stage_i.controller_i.ctrl_fsm_cs[5]$_DFF_PN0_
          (rising edge-triggered flip-flop clocked by core_clock)
Path Group: core_clock
Path Type: min

    Delay      Time   Description
-------------------------------------------------------------
   0.0000    0.0000   clock core_clock (rise edge)
   1.1914    1.1914   clock network delay (propagated)
   0.0000    1.1914 ^ id_stage_i.controller_i.ctrl_fsm_cs[0]$_DFF_PN1_/CLK (sky130_fd_sc_hd__dfstp_2)
   0.3884    1.5799 v id_stage_i.controller_i.ctrl_fsm_cs[0]$_DFF_PN1_/Q (sky130_fd_sc_hd__dfstp_2)
   0.0004    1.5802 v id_stage_i.controller_i.ctrl_fsm_cs[5]$_DFF_PN0_/D (sky130_fd_sc_hd__dfrtp_1)
             1.5802   data arrival time

   0.0000    0.0000   clock core_clock (rise edge)
   1.1901    1.1901   clock network delay (propagated)
  -0.0008    1.1893   clock reconvergence pessimism
             1.1893 ^ id_stage_i.controller_i.ctrl_fsm_cs[5]$_DFF_PN0_/CLK (sky130_fd_sc_hd__dfrtp_1)
  -0.0375    1.1518   library hold time
             1.1518   data required time
-------------------------------------------------------------
             1.1518   data required time
            -1.5802   data arrival time
-------------------------------------------------------------
             0.4284   slack (MET)


Startpoint: id_stage_i.imd_val_q_ex_o[18]$_DFFE_PN0P_
            (rising edge-triggered flip-flop clocked by core_clock)
Endpoint: id_stage_i.imd_val_q_ex_o[18]$_DFFE_PN0P_
          (rising edge-triggered flip-flop clocked by core_clock)
Path Group: core_clock
Path Type: min

    Delay      Time   Description
-------------------------------------------------------------
   0.0000    0.0000   clock core_clock (rise edge)
   1.1649    1.1649   clock network delay (propagated)
   0.0000    1.1649 ^ id_stage_i.imd_val_q_ex_o[18]$_DFFE_PN0P_/CLK (sky130_fd_sc_hd__dfrtp_1)
   0.3369    1.5018 ^ id_stage_i.imd_val_q_ex_o[18]$_DFFE_PN0P_/Q (sky130_fd_sc_hd__dfrtp_1)
   0.0459    1.5477 v _23562_/Y (sky130_fd_sc_hd__nand2_1)
   0.0592    1.6070 ^ _23563_/Y (sky130_fd_sc_hd__o21ai_0)
   0.0001    1.6070 ^ id_stage_i.imd_val_q_ex_o[18]$_DFFE_PN0P_/D (sky130_fd_sc_hd__dfrtp_1)
             1.6070   data arrival time

   0.0000    0.0000   clock core_clock (rise edge)
   1.1657    1.1657   clock network delay (propagated)
  -0.0008    1.1649   clock reconvergence pessimism
             1.1649 ^ id_stage_i.imd_val_q_ex_o[18]$_DFFE_PN0P_/CLK (sky130_fd_sc_hd__dfrtp_1)
  -0.0383    1.1266   library hold time
             1.1266   data required time
-------------------------------------------------------------
             1.1266   data required time
            -1.6070   data arrival time
-------------------------------------------------------------
             0.4805   slack (MET)


Startpoint: id_stage_i.imd_val_q_ex_o[6]$_DFFE_PN0P_
            (rising edge-triggered flip-flop clocked by core_clock)
Endpoint: id_stage_i.imd_val_q_ex_o[6]$_DFFE_PN0P_
          (rising edge-triggered flip-flop clocked by core_clock)
Path Group: core_clock
Path Type: min

    Delay      Time   Description
-------------------------------------------------------------
   0.0000    0.0000   clock core_clock (rise edge)
   1.1705    1.1705   clock network delay (propagated)
   0.0000    1.1705 ^ id_stage_i.imd_val_q_ex_o[6]$_DFFE_PN0P_/CLK (sky130_fd_sc_hd__dfrtp_1)
   0.3420    1.5125 ^ id_stage_i.imd_val_q_ex_o[6]$_DFFE_PN0P_/Q (sky130_fd_sc_hd__dfrtp_1)
   0.0458    1.5582 v _23612_/Y (sky130_fd_sc_hd__nand2_1)
   0.0566    1.6149 ^ _23615_/Y (sky130_fd_sc_hd__o21ai_0)
   0.0001    1.6149 ^ id_stage_i.imd_val_q_ex_o[6]$_DFFE_PN0P_/D (sky130_fd_sc_hd__dfrtp_1)
             1.6149   data arrival time

   0.0000    0.0000   clock core_clock (rise edge)
   1.1713    1.1713   clock network delay (propagated)
  -0.0008    1.1705   clock reconvergence pessimism
             1.1705 ^ id_stage_i.imd_val_q_ex_o[6]$_DFFE_PN0P_/CLK (sky130_fd_sc_hd__dfrtp_1)
  -0.0365    1.1341   library hold time
             1.1341   data required time
-------------------------------------------------------------
             1.1341   data required time
            -1.6149   data arrival time
-------------------------------------------------------------
             0.4809   slack (MET)


Startpoint: id_stage_i.imd_val_q_ex_o[8]$_DFFE_PN0P_
            (rising edge-triggered flip-flop clocked by core_clock)
Endpoint: id_stage_i.imd_val_q_ex_o[8]$_DFFE_PN0P_
          (rising edge-triggered flip-flop clocked by core_clock)
Path Group: core_clock
Path Type: min

    Delay      Time   Description
-------------------------------------------------------------
   0.0000    0.0000   clock core_clock (rise edge)
   1.1696    1.1696   clock network delay (propagated)
   0.0000    1.1696 ^ id_stage_i.imd_val_q_ex_o[8]$_DFFE_PN0P_/CLK (sky130_fd_sc_hd__dfrtp_1)
   0.3396    1.5092 ^ id_stage_i.imd_val_q_ex_o[8]$_DFFE_PN0P_/Q (sky130_fd_sc_hd__dfrtp_1)
   0.0451    1.5543 v _23604_/Y (sky130_fd_sc_hd__nand2_1)
   0.0589    1.6132 ^ _23607_/Y (sky130_fd_sc_hd__o21ai_0)
   0.0001    1.6133 ^ id_stage_i.imd_val_q_ex_o[8]$_DFFE_PN0P_/D (sky130_fd_sc_hd__dfrtp_1)
             1.6133   data arrival time

   0.0000    0.0000   clock core_clock (rise edge)
   1.1704    1.1704   clock network delay (propagated)
  -0.0008    1.1696   clock reconvergence pessimism
             1.1696 ^ id_stage_i.imd_val_q_ex_o[8]$_DFFE_PN0P_/CLK (sky130_fd_sc_hd__dfrtp_1)
  -0.0376    1.1320   library hold time
             1.1320   data required time
-------------------------------------------------------------
             1.1320   data required time
            -1.6133   data arrival time
-------------------------------------------------------------
             0.4812   slack (MET)


Startpoint: cs_registers_i.u_mstack_csr.rd_data_o[2]$_DFFE_PN1P_
            (rising edge-triggered flip-flop clocked by core_clock)
Endpoint: cs_registers_i.u_mstack_csr.rd_data_o[2]$_DFFE_PN1P_
          (rising edge-triggered flip-flop clocked by core_clock)
Path Group: core_clock
Path Type: min

    Delay      Time   Description
-------------------------------------------------------------
   0.0000    0.0000   clock core_clock (rise edge)
   1.1927    1.1927   clock network delay (propagated)
   0.0000    1.1927 ^ cs_registers_i.u_mstack_csr.rd_data_o[2]$_DFFE_PN1P_/CLK (sky130_fd_sc_hd__dfstp_2)
   0.3766    1.5694 v cs_registers_i.u_mstack_csr.rd_data_o[2]$_DFFE_PN1P_/Q (sky130_fd_sc_hd__dfstp_2)
   0.0488    1.6181 ^ _24831_/Y (sky130_fd_sc_hd__nand2_1)
   0.0553    1.6734 v _24832_/Y (sky130_fd_sc_hd__nand2_1)
   0.0002    1.6736 v cs_registers_i.u_mstack_csr.rd_data_o[2]$_DFFE_PN1P_/D (sky130_fd_sc_hd__dfstp_2)
             1.6736   data arrival time

   0.0000    0.0000   clock core_clock (rise edge)
   1.1935    1.1935   clock network delay (propagated)
  -0.0008    1.1927   clock reconvergence pessimism
             1.1927 ^ cs_registers_i.u_mstack_csr.rd_data_o[2]$_DFFE_PN1P_/CLK (sky130_fd_sc_hd__dfstp_2)
  -0.0008    1.1920   library hold time
             1.1920   data required time
-------------------------------------------------------------
             1.1920   data required time
            -1.6736   data arrival time
-------------------------------------------------------------
             0.4816   slack (MET)


Startpoint: core_clock_gate_i.en_latch$_DLATCH_N_
            (negative level-sensitive latch clocked by core_clock)
Endpoint: _17071_ (rising clock gating-check end-point clocked by core_clock)
Path Group: gated clock
Path Type: min

    Delay      Time   Description
-------------------------------------------------------------
   5.0000    5.0000   clock core_clock (fall edge)
   1.1123    6.1123   clock network delay (propagated)
   0.0000    6.1123 v core_clock_gate_i.en_latch$_DLATCH_N_/GATE_N (sky130_fd_sc_hd__dlxtn_1)
   0.4564    6.5687 v core_clock_gate_i.en_latch$_DLATCH_N_/Q (sky130_fd_sc_hd__dlxtn_1)
   0.0042    6.5729 v _17071_/B (sky130_fd_sc_hd__and2_0)
             6.5729   data arrival time

   5.0000    5.0000   clock core_clock (fall edge)
   0.2536    5.2536   clock network delay (propagated)
   0.0000    5.2536   clock reconvergence pessimism
             5.2536 v _17071_/A (sky130_fd_sc_hd__and2_0)
   0.0000    5.2536   clock gating hold time
             5.2536   data required time
-------------------------------------------------------------
             5.2536   data required time
            -6.5729   data arrival time
-------------------------------------------------------------
             1.3192   slack (MET)


Startpoint: rst_ni (input port clocked by vclk_core_clock)
Endpoint: cs_registers_i.u_depc_csr.rd_data_o[21]$_DFFE_PN0P_
          (removal check against rising-edge clock core_clock)
Path Group: asynchronous
Path Type: min

    Delay      Time   Description
-------------------------------------------------------------
   0.0000    0.0000   clock vclk_core_clock (rise edge)
   1.0950    1.0950   clock network delay (ideal)
   2.0000    3.0950 ^ input external delay
   0.0000    3.0950 ^ rst_ni (in)
   0.3288    3.4238 ^ input164/X (sky130_fd_sc_hd__buf_16)
   0.0816    3.5054 ^ cs_registers_i.u_depc_csr.rd_data_o[21]$_DFFE_PN0P_/RESET_B (sky130_fd_sc_hd__dfrtp_1)
             3.5054   data arrival time

   0.0000    0.0000   clock core_clock (rise edge)
   1.1848    1.1848   clock network delay (propagated)
   0.0000    1.1848   clock reconvergence pessimism
             1.1848 ^ cs_registers_i.u_depc_csr.rd_data_o[21]$_DFFE_PN0P_/CLK (sky130_fd_sc_hd__dfrtp_1)
   0.4802    1.6650   library removal time
             1.6650   data required time
-------------------------------------------------------------
             1.6650   data required time
            -3.5054   data arrival time
-------------------------------------------------------------
             1.8404   slack (MET)


Startpoint: rst_ni (input port clocked by vclk_core_clock)
Endpoint: cs_registers_i.u_depc_csr.rd_data_o[25]$_DFFE_PN0P_
          (removal check against rising-edge clock core_clock)
Path Group: asynchronous
Path Type: min

    Delay      Time   Description
-------------------------------------------------------------
   0.0000    0.0000   clock vclk_core_clock (rise edge)
   1.0950    1.0950   clock network delay (ideal)
   2.0000    3.0950 ^ input external delay
   0.0000    3.0950 ^ rst_ni (in)
   0.3288    3.4238 ^ input164/X (sky130_fd_sc_hd__buf_16)
   0.0929    3.5167 ^ cs_registers_i.u_depc_csr.rd_data_o[25]$_DFFE_PN0P_/RESET_B (sky130_fd_sc_hd__dfrtp_1)
             3.5167   data arrival time

   0.0000    0.0000   clock core_clock (rise edge)
   1.1886    1.1886   clock network delay (propagated)
   0.0000    1.1886   clock reconvergence pessimism
             1.1886 ^ cs_registers_i.u_depc_csr.rd_data_o[25]$_DFFE_PN0P_/CLK (sky130_fd_sc_hd__dfrtp_1)
   0.4832    1.6718   library removal time
             1.6718   data required time
-------------------------------------------------------------
             1.6718   data required time
            -3.5167   data arrival time
-------------------------------------------------------------
             1.8450   slack (MET)


Startpoint: rst_ni (input port clocked by vclk_core_clock)
Endpoint: cs_registers_i.u_mtval_csr.rd_data_o[20]$_DFFE_PN0P_
          (removal check against rising-edge clock core_clock)
Path Group: asynchronous
Path Type: min

    Delay      Time   Description
-------------------------------------------------------------
   0.0000    0.0000   clock vclk_core_clock (rise edge)
   1.0950    1.0950   clock network delay (ideal)
   2.0000    3.0950 ^ input external delay
   0.0000    3.0950 ^ rst_ni (in)
   0.3288    3.4238 ^ input164/X (sky130_fd_sc_hd__buf_16)
   0.0930    3.5168 ^ cs_registers_i.u_mtval_csr.rd_data_o[20]$_DFFE_PN0P_/RESET_B (sky130_fd_sc_hd__dfrtp_1)
             3.5168   data arrival time

   0.0000    0.0000   clock core_clock (rise edge)
   1.1851    1.1851   clock network delay (propagated)
   0.0000    1.1851   clock reconvergence pessimism
             1.1851 ^ cs_registers_i.u_mtval_csr.rd_data_o[20]$_DFFE_PN0P_/CLK (sky130_fd_sc_hd__dfrtp_1)
   0.4819    1.6670   library removal time
             1.6670   data required time
-------------------------------------------------------------
             1.6670   data required time
            -3.5168   data arrival time
-------------------------------------------------------------
             1.8498   slack (MET)


Startpoint: rst_ni (input port clocked by vclk_core_clock)
Endpoint: cs_registers_i.u_mscratch_csr.rd_data_o[17]$_DFFE_PN0P_
          (removal check against rising-edge clock core_clock)
Path Group: asynchronous
Path Type: min

    Delay      Time   Description
-------------------------------------------------------------
   0.0000    0.0000   clock vclk_core_clock (rise edge)
   1.0950    1.0950   clock network delay (ideal)
   2.0000    3.0950 ^ input external delay
   0.0000    3.0950 ^ rst_ni (in)
   0.3288    3.4238 ^ input164/X (sky130_fd_sc_hd__buf_16)
   0.1005    3.5243 ^ cs_registers_i.u_mscratch_csr.rd_data_o[17]$_DFFE_PN0P_/RESET_B (sky130_fd_sc_hd__dfrtp_1)
             3.5243   data arrival time

   0.0000    0.0000   clock core_clock (rise edge)
   1.1882    1.1882   clock network delay (propagated)
   0.0000    1.1882   clock reconvergence pessimism
             1.1882 ^ cs_registers_i.u_mscratch_csr.rd_data_o[17]$_DFFE_PN0P_/CLK (sky130_fd_sc_hd__dfrtp_1)
   0.4845    1.6726   library removal time
             1.6726   data required time
-------------------------------------------------------------
             1.6726   data required time
            -3.5243   data arrival time
-------------------------------------------------------------
             1.8517   slack (MET)


Startpoint: rst_ni (input port clocked by vclk_core_clock)
Endpoint: cs_registers_i.u_mtval_csr.rd_data_o[21]$_DFFE_PN0P_
          (removal check against rising-edge clock core_clock)
Path Group: asynchronous
Path Type: min

    Delay      Time   Description
-------------------------------------------------------------
   0.0000    0.0000   clock vclk_core_clock (rise edge)
   1.0950    1.0950   clock network delay (ideal)
   2.0000    3.0950 ^ input external delay
   0.0000    3.0950 ^ rst_ni (in)
   0.3288    3.4238 ^ input164/X (sky130_fd_sc_hd__buf_16)
   0.1043    3.5280 ^ cs_registers_i.u_mtval_csr.rd_data_o[21]$_DFFE_PN0P_/RESET_B (sky130_fd_sc_hd__dfrtp_1)
             3.5280   data arrival time

   0.0000    0.0000   clock core_clock (rise edge)
   1.1880    1.1880   clock network delay (propagated)
   0.0000    1.1880   clock reconvergence pessimism
             1.1880 ^ cs_registers_i.u_mtval_csr.rd_data_o[21]$_DFFE_PN0P_/CLK (sky130_fd_sc_hd__dfrtp_1)
   0.4851    1.6731   library removal time
             1.6731   data required time
-------------------------------------------------------------
             1.6731   data required time
            -3.5280   data arrival time
-------------------------------------------------------------
             1.8549   slack (MET)


Startpoint: core_busy_q$_DFF_PN0_
            (rising edge-triggered flip-flop clocked by core_clock)
Endpoint: core_sleep_o (output port clocked by vclk_core_clock)
Path Group: vclk_core_clock
Path Type: min

    Delay      Time   Description
-------------------------------------------------------------
   0.0000    0.0000   clock core_clock (rise edge)
   1.1204    1.1204   clock network delay (propagated)
   0.0000    1.1204 ^ core_busy_q$_DFF_PN0_/CLK (sky130_fd_sc_hd__dfrtp_1)
   0.3282    1.4486 ^ core_busy_q$_DFF_PN0_/Q (sky130_fd_sc_hd__dfrtp_1)
   0.1115    1.5601 v _18648_/Y (sky130_fd_sc_hd__o31ai_1)
   0.4659    2.0260 v output166/X (sky130_fd_sc_hd__clkdlybuf4s50_1)
   0.0003    2.0263 v core_sleep_o (out)
             2.0263   data arrival time

   0.0000    0.0000   clock vclk_core_clock (rise edge)
   1.0950    1.0950   clock network delay (ideal)
   0.0000    1.0950   clock reconvergence pessimism
  -2.0000   -0.9050   output external delay
            -0.9050   data required time
-------------------------------------------------------------
            -0.9050   data required time
            -2.0263   data arrival time
-------------------------------------------------------------
             2.9313   slack (MET)


Startpoint: if_stage_i.gen_prefetch_buffer.prefetch_buffer_i.stored_addr_q[31]$_DFFE_PP_
            (rising edge-triggered flip-flop clocked by core_clock)
Endpoint: instr_addr_o[31] (output port clocked by vclk_core_clock)
Path Group: vclk_core_clock
Path Type: min

    Delay      Time   Description
-------------------------------------------------------------
   0.0000    0.0000   clock core_clock (rise edge)
   1.1919    1.1919   clock network delay (propagated)
   0.0000    1.1919 ^ if_stage_i.gen_prefetch_buffer.prefetch_buffer_i.stored_addr_q[31]$_DFFE_PP_/CLK (sky130_fd_sc_hd__edfxtp_1)
   0.3233    1.5152 ^ if_stage_i.gen_prefetch_buffer.prefetch_buffer_i.stored_addr_q[31]$_DFFE_PP_/Q (sky130_fd_sc_hd__edfxtp_1)
   0.1370    1.6522 ^ _17615_/X (sky130_fd_sc_hd__mux2_1)
   0.4569    2.1091 ^ output257/X (sky130_fd_sc_hd__clkdlybuf4s50_1)
   0.0000    2.1091 ^ instr_addr_o[31] (out)
             2.1091   data arrival time

   0.0000    0.0000   clock vclk_core_clock (rise edge)
   1.0950    1.0950   clock network delay (ideal)
   0.0000    1.0950   clock reconvergence pessimism
  -2.0000   -0.9050   output external delay
            -0.9050   data required time
-------------------------------------------------------------
            -0.9050   data required time
            -2.1091   data arrival time
-------------------------------------------------------------
             3.0141   slack (MET)


Startpoint: if_stage_i.gen_prefetch_buffer.prefetch_buffer_i.stored_addr_q[29]$_DFFE_PP_
            (rising edge-triggered flip-flop clocked by core_clock)
Endpoint: instr_addr_o[29] (output port clocked by vclk_core_clock)
Path Group: vclk_core_clock
Path Type: min

    Delay      Time   Description
-------------------------------------------------------------
   0.0000    0.0000   clock core_clock (rise edge)
   1.1914    1.1914   clock network delay (propagated)
   0.0000    1.1914 ^ if_stage_i.gen_prefetch_buffer.prefetch_buffer_i.stored_addr_q[29]$_DFFE_PP_/CLK (sky130_fd_sc_hd__edfxtp_1)
   0.3249    1.5164 ^ if_stage_i.gen_prefetch_buffer.prefetch_buffer_i.stored_addr_q[29]$_DFFE_PP_/Q (sky130_fd_sc_hd__edfxtp_1)
   0.1444    1.6608 ^ _18523_/X (sky130_fd_sc_hd__mux2_1)
   0.4632    2.1239 ^ output254/X (sky130_fd_sc_hd__clkdlybuf4s50_1)
   0.0000    2.1239 ^ instr_addr_o[29] (out)
             2.1239   data arrival time

   0.0000    0.0000   clock vclk_core_clock (rise edge)
   1.0950    1.0950   clock network delay (ideal)
   0.0000    1.0950   clock reconvergence pessimism
  -2.0000   -0.9050   output external delay
            -0.9050   data required time
-------------------------------------------------------------
            -0.9050   data required time
            -2.1239   data arrival time
-------------------------------------------------------------
             3.0289   slack (MET)


Startpoint: if_stage_i.gen_prefetch_buffer.prefetch_buffer_i.stored_addr_q[25]$_DFFE_PP_
            (rising edge-triggered flip-flop clocked by core_clock)
Endpoint: instr_addr_o[25] (output port clocked by vclk_core_clock)
Path Group: vclk_core_clock
Path Type: min

    Delay      Time   Description
-------------------------------------------------------------
   0.0000    0.0000   clock core_clock (rise edge)
   1.1903    1.1903   clock network delay (propagated)
   0.0000    1.1903 ^ if_stage_i.gen_prefetch_buffer.prefetch_buffer_i.stored_addr_q[25]$_DFFE_PP_/CLK (sky130_fd_sc_hd__edfxtp_1)
   0.3247    1.5150 ^ if_stage_i.gen_prefetch_buffer.prefetch_buffer_i.stored_addr_q[25]$_DFFE_PP_/Q (sky130_fd_sc_hd__edfxtp_1)
   0.1421    1.6571 ^ _18518_/X (sky130_fd_sc_hd__mux2_1)
   0.4688    2.1259 ^ output250/X (sky130_fd_sc_hd__clkdlybuf4s50_1)
   0.0000    2.1259 ^ instr_addr_o[25] (out)
             2.1259   data arrival time

   0.0000    0.0000   clock vclk_core_clock (rise edge)
   1.0950    1.0950   clock network delay (ideal)
   0.0000    1.0950   clock reconvergence pessimism
  -2.0000   -0.9050   output external delay
            -0.9050   data required time
-------------------------------------------------------------
            -0.9050   data required time
            -2.1259   data arrival time
-------------------------------------------------------------
             3.0309   slack (MET)


Startpoint: if_stage_i.gen_prefetch_buffer.prefetch_buffer_i.stored_addr_q[21]$_DFFE_PP_
            (rising edge-triggered flip-flop clocked by core_clock)
Endpoint: instr_addr_o[21] (output port clocked by vclk_core_clock)
Path Group: vclk_core_clock
Path Type: min

    Delay      Time   Description
-------------------------------------------------------------
   0.0000    0.0000   clock core_clock (rise edge)
   1.1884    1.1884   clock network delay (propagated)
   0.0000    1.1884 ^ if_stage_i.gen_prefetch_buffer.prefetch_buffer_i.stored_addr_q[21]$_DFFE_PP_/CLK (sky130_fd_sc_hd__edfxtp_1)
   0.3196    1.5079 ^ if_stage_i.gen_prefetch_buffer.prefetch_buffer_i.stored_addr_q[21]$_DFFE_PP_/Q (sky130_fd_sc_hd__edfxtp_1)
   0.1427    1.6507 ^ _18514_/X (sky130_fd_sc_hd__mux2_1)
   0.4769    2.1276 ^ output246/X (sky130_fd_sc_hd__clkdlybuf4s50_1)
   0.0001    2.1277 ^ instr_addr_o[21] (out)
             2.1277   data arrival time

   0.0000    0.0000   clock vclk_core_clock (rise edge)
   1.0950    1.0950   clock network delay (ideal)
   0.0000    1.0950   clock reconvergence pessimism
  -2.0000   -0.9050   output external delay
            -0.9050   data required time
-------------------------------------------------------------
            -0.9050   data required time
            -2.1277   data arrival time
-------------------------------------------------------------
             3.0327   slack (MET)



########## WNS / TNS ##########
worst slack max 0.0686
worst slack min 0.4284
tns max 0.0000

########## clock skew ##########
Clock core_clock
 1.0619 source latency gen_regfile_ff.register_file_i.rf_reg[38]$_DFFE_PN0P_/CLK ^
-1.1990 target latency cs_registers_i.minstret_counter_i.counter_val_o[54]$_DFFE_PN0P_/CLK ^
 0.0000 CRPR
--------------
-0.1371 setup skew

Clock vclk_core_clock
No launch/capture paths found.


########## design area ##########
Design area 154642 um^2 60% utilization.
METRIC route setup_wns=0.06856559958317786 setup_tns=0.0 hold_wns=0.4284397402566547
